******************************************************************************
                  TI ARM Linker PC v18.1.2                     
******************************************************************************
>> Linked Mon Jul 23 00:28:40 2018

OUTPUT FILE NAME:   <validater_MASTER.out>
ENTRY POINT SYMBOL: "_c_int00"  address: 00009b91


MEMORY CONFIGURATION

         name            origin    length      used     unused   attr    fill
----------------------  --------  ---------  --------  --------  ----  --------
  FLASH                 00000000   00100000  0000f396  000f0c6a  R  X
  SRAM                  20000000   00040000  00003582  0003ca7e  RW X


SEGMENT ALLOCATION MAP

run origin  load origin   length   init length attrs members
----------  ----------- ---------- ----------- ----- -------
00000000    00000000    0000f3a0   0000f3a0    r-x
  00000000    00000000    0000003c   0000003c    r-- .resetVecs
  00000040    00000040    0000c0e2   0000c0e2    r-x .text
  0000c128    0000c128    00002fe0   00002fe0    r-- .const
  0000f108    0000f108    00000298   00000298    r-- .cinit
20000000    20000000    00000360   00000000    rw-
  20000000    20000000    00000360   00000000    rw- .vecs
20000380    20000380    00003228   00000000    rw-
  20000380    20000380    00002930   00000000    rw- .bss
  20002cb0    20002cb0    000005f2   00000000    rw- .data
  200032a8    200032a8    00000300   00000000    rw- .stack


SECTION ALLOCATION MAP

 output                                  attributes/
section   page    origin      length       input sections
--------  ----  ----------  ----------   ----------------
.text      0    00000040    0000c0e2     
                  00000040    00000a5e     rtsv7M4_T_le_v4SPD16_eabi.lib : _printfi.c.obj (.text:__TI_printfi)
                  00000a9e    00000002                                   : _lock.c.obj (.text:_nop)
                  00000aa0    00000738                                   : k_rem_pio2.c.obj (.text:__kernel_rem_pio2)
                  000011d8    000005c4                                   : s_sin.c.obj (.text:sin)
                  0000179c    00000004     driverlib.lib : uart.obj (.text:UARTIntClear)
                  000017a0    00000430     sysbios.aem4f : BIOS.obj (.text:ti_sysbios_family_arm_m3_Hwi_excDumpRegs__I)
                  00001bd0    0000034c     ti.targets.arm.rtsarm.aem4f : System.oem4f (.text:xdc_runtime_System_doPrint__I)
                  00001f1c    00000004     rtsv7M4_T_le_v4SPD16_eabi.lib : exit.c.obj (.text:abort:abort)
                  00001f20    000002ec     sysbios.aem4f : BIOS.obj (.text:ti_sysbios_knl_Semaphore_pend__E)
                  0000220c    00000270     rtsv7M4_T_le_v4SPD16_eabi.lib : _printfi.c.obj (.text:_pconv_a)
                  0000247c    00000004     uartecho_pem4f.oem4f (.text:ti_sysbios_BIOS_RtsGateProxy_enter__E)
                  00002480    0000026c     sysbios.aem4f : BIOS.obj (.text:ti_sysbios_heaps_HeapMem_free__E)
                  000026ec    00000004     uartecho_pem4f.oem4f (.text:ti_sysbios_BIOS_RtsGateProxy_leave__E)
                  000026f0    00000250     sysbios.aem4f : BIOS.obj (.text:ti_sysbios_heaps_HeapMem_alloc__E)
                  00002940    00000238     rtsv7M4_T_le_v4SPD16_eabi.lib : e_fmod.c.obj (.text:fmod)
                  00002b78    00000234     sysbios.aem4f : BIOS.obj (.text:ti_sysbios_knl_Task_Instance_finalize__E)
                  00002dac    0000020c     drivers_tivaware.aem4f : UARTTiva.oem4f (.text:UARTTiva_open)
                  00002fb8    00000204     Boot.aem4f : Boot_sysctl.oem4f (.text:ti_catalog_arm_cortexm4_tiva_ce_Boot_sysCtlClockFreqSetI__I)
                  000031bc    00000004     sysbios.aem4f : BIOS.obj (.text:ti_sysbios_family_arm_lm4_Timer_masterEnable__I)
                  000031c0    000001fc                   : BIOS.obj (.text:ti_sysbios_family_arm_m3_Hwi_excHandlerMax__I)
                  000033bc    000001dc     gen.obj (.text:genGLONASSSatellitesInView)
                  00003598    000001d8     waveforms.obj (.text:triangle)
                  00003770    000001d4     gen.obj (.text:genGPSSatellitesInView)
                  00003944    000001d0     rtsv7M4_T_le_v4SPD16_eabi.lib : _printfi.c.obj (.text:_pconv_g)
                  00003b14    00000004     uartecho_pem4f.oem4f (.text:ti_sysbios_family_arm_m3_Hwi_destruct)
                  00003b18    000001c0     sysbios.aem4f : BIOS.obj (.text:ti_sysbios_knl_Task_Instance_init__E)
                  00003cd8    000001b6     rtsv7M4_T_le_v4SPD16_eabi.lib : fd_add_t2.asm.obj (.text)
                  00003e8e    00000002                                   : div0.asm.obj (.text)
                  00003e90    0000018c     sysbios.aem4f : BIOS.obj (.text:ti_sysbios_family_arm_lm4_Timer_start__E)
                  0000401c    00000004     uartecho_pem4f.oem4f (.text:ti_sysbios_family_arm_m3_TaskSupport_Module__startupDone__S)
                  00004020    00000178     sysbios.aem4f : BIOS.obj (.text:ti_sysbios_family_arm_lm4_TimestampProvider_get64__E)
                  00004198    00000174     rtsv7M4_T_le_v4SPD16_eabi.lib : k_sin.c.obj (.text:__kernel_sin)
                  0000430c    00000004     uartecho_pem4f.oem4f (.text:ti_sysbios_heaps_HeapMem_Module_GateProxy_enter__E)
                  00004310    00000174     sysbios.aem4f : BIOS.obj (.text:ti_sysbios_family_arm_m3_Hwi_excBusFault__I)
                  00004484    0000016c     rtsv7M4_T_le_v4SPD16_eabi.lib : k_cos.c.obj (.text:__kernel_cos)
                  000045f0    00000168     waveforms.obj (.text:square)
                  00004758    00000164     sysbios.aem4f : BIOS.obj (.text:ti_sysbios_family_arm_m3_Hwi_excUsageFault__I)
                  000048bc    00000150     drivers_tivaware.aem4f : GPIOTiva.oem4f (.text:GPIO_setConfig)
                  00004a0c    00000148     bLogic.obj (.text:sendGLGSV)
                  00004b54    00000148     bLogic.obj (.text:sendGPGSV)
                  00004c9c    00000004     uartecho_pem4f.oem4f (.text:ti_sysbios_heaps_HeapMem_Module_GateProxy_leave__E)
                  00004ca0    00000148     sysbios.aem4f : BIOS.obj (.text:ti_sysbios_family_arm_m3_Hwi_excMemFault__I)
                  00004de8    00000140                   : BIOS.obj (.text:ti_sysbios_knl_Semaphore_post__E)
                  00004f28    0000013c     rtsv7M4_T_le_v4SPD16_eabi.lib : _printfi.c.obj (.text:_pconv_e)
                  00005064    00000004     uartecho_pem4f.oem4f (.text:ti_sysbios_knl_Clock_TimerProxy_getMaxTicks__E)
                  00005068    0000013c     sysbios.aem4f : BIOS.obj (.text:ti_sysbios_heaps_HeapMem_Instance_init__E)
                  000051a4    00000004     uartecho_pem4f.oem4f (.text:ti_sysbios_knl_Clock_TimerProxy_getPeriod__E)
                  000051a8    0000013c     sysbios.aem4f : BIOS.obj (.text:ti_sysbios_knl_Clock_workFunc__E)
                  000052e4    00000004     uartecho_pem4f.oem4f (.text:ti_sysbios_knl_Clock_destruct)
                  000052e8    00000138     sysbios.aem4f : BIOS.obj (.text:ti_sysbios_family_arm_m3_Hwi_dispatchC__I)
                  00005420    00000138     uartecho_pem4f.oem4f (.text:ti_uia_loggers_LoggerStopMode_writeMemoryRange__E)
                  00005558    00000136     rtsv7M4_T_le_v4SPD16_eabi.lib : fd_div_t2.asm.obj (.text)
                  0000568e    00000130     driverlib.lib : gpio.obj (.text:GPIOPadConfigSet)
                  000057be    00000002     uartecho_pem4f.oem4f (.text:ti_sysbios_BIOS_nullFunc__I)
                  000057c0    00000124     bLogic.obj (.text:sendGNGSA)
                  000058e4    00000120     rtsv7M4_T_le_v4SPD16_eabi.lib : _printfi.c.obj (.text:fcvt)
                  00005a04    00000004     uartecho_pem4f.oem4f (.text:ti_sysbios_knl_Queue_destruct)
                  00005a08    0000011c     sysbios.aem4f : BIOS.obj (.text:ti_sysbios_knl_Clock_Instance_init__E)
                  00005b24    00000004     uartecho_pem4f.oem4f (.text:ti_sysbios_knl_Semaphore_destruct)
                  00005b28    0000011c     sysbios.aem4f : BIOS.obj (.text:ti_sysbios_knl_Swi_run__I)
                  00005c44    00000118     ti.targets.arm.rtsarm.aem4f : Error.oem4f (.text:xdc_runtime_Error_policyDefault__E)
                  00005d5c    00000110     rtsv7M4_T_le_v4SPD16_eabi.lib : s_scalbn.c.obj (.text:scalbn)
                  00005e6c    0000010c     uartecho_pem4f.oem4f (.text:ti_uia_loggers_LoggerStopMode_write8__E)
                  00005f78    00000100     bLogic.obj (.text:sendGPGGA)
                  00006078    00000100     ti.targets.arm.rtsarm.aem4f : Core-mem.oem4f (.text:xdc_runtime_Core_createObject__I)
                  00006178    000000fc     rtsv7M4_T_le_v4SPD16_eabi.lib : fd_mul_t2.asm.obj (.text)
                  00006274    000000f8                                   : s_ceil.c.obj (.text:ceil)
                  0000636c    000000f8                                   : s_floor.c.obj (.text:floor)
                  00006464    000000f8     waveforms.obj (.text:sawtooth)
                  0000655c    000000f8     ti.targets.arm.rtsarm.aem4f : Startup.oem4f (.text:xdc_runtime_Startup_startMods__I)
                  00006654    000000f8     uartecho_pem4f.oem4f (.text:xdc_runtime_System_printfExtend__I)
                  0000674c    000000f4     sysbios.aem4f : m3_Hwi_asm.obj (.text:ti_sysbios_family_arm_m3_Hwi_dispatch__I)
                  00006840    000000f4     uartecho_pem4f.oem4f (.text:ti_uia_loggers_LoggerStopMode_write4__E)
                  00006934    000000ec     waveforms.obj (.text:sine)
                  00006a20    000000e8     uartecho_pem4f.oem4f (.text:ti_uia_loggers_LoggerStopMode_write1__E)
                  00006b08    000000e8     uartecho_pem4f.oem4f (.text:ti_uia_loggers_LoggerStopMode_write2__E)
                  00006bf0    000000d8     sysbios.aem4f : BIOS.obj (.text:ti_sysbios_family_arm_lm4_TimestampProvider_get32__E)
                  00006cc8    000000d8     uartecho_pem4f.oem4f (.text:ti_uia_loggers_LoggerStopMode_write0__E)
                  00006da0    000000d4     bLogic.obj (.text:sendGNRMC)
                  00006e74    000000d0     main.obj (.text:main)
                  00006f44    00000004     ti.uia.loggers.aem4f : LoggerStopMode.oem4f (.text:ti_uia_loggers_LoggerStopMode_getContents__E)
                  00006f48    000000cc     sysbios.aem4f : BIOS.obj (.text:ti_sysbios_knl_Task_schedule__I)
                  00007014    000000cc     ti.targets.arm.rtsarm.aem4f : Core-smem.oem4f (.text:xdc_runtime_Core_constructObject__I)
                  000070e0    000000bc     sysbios.aem4f : BIOS.obj (.text:ti_sysbios_family_arm_m3_Hwi_excDebugMon__I)
                  0000719c    00000004     uartecho_pem4f.oem4f (.text:ti_uia_loggers_LoggerStopMode_getFilterLevel__E)
                  000071a0    000000bc     sysbios.aem4f : BIOS.obj (.text:ti_sysbios_family_arm_m3_Hwi_excHardFault__I)
                  0000725c    00000004     ti.uia.loggers.aem4f : LoggerStopMode.oem4f (.text:ti_uia_loggers_LoggerStopMode_getInstanceId__E)
                  00007260    000000bc     sysbios.aem4f : BIOS.obj (.text:ti_sysbios_knl_Task_startCore__E)
                  0000731c    00000004     ti.uia.loggers.aem4f : LoggerStopMode.oem4f (.text:ti_uia_loggers_LoggerStopMode_getMaxLength__E)
                  00007320    000000bc     sysbios.aem4f : BIOS.obj (.text:ti_sysbios_utils_Load_updateLoads__E)
                  000073dc    000000b8     EK_TM4C1294XL.obj (.text:EK_TM4C1294XL_initGeneral)
                  00007494    00000004     ti.uia.loggers.aem4f : LoggerStopMode.oem4f (.text:ti_uia_loggers_LoggerStopMode_getPriority__E)
                  00007498    000000b4     sysbios.aem4f : BIOS.obj (.text:ti_sysbios_gates_GateMutex_enter__E)
                  0000754c    00000004     ti.uia.loggers.aem4f : LoggerStopMode.oem4f (.text:ti_uia_loggers_LoggerStopMode_getTransferType__E)
                  00007550    000000b4     sysbios.aem4f : BIOS.obj (.text:ti_sysbios_knl_Task_checkStacks__E)
                  00007604    000000b1     rtsv7M4_T_le_v4SPD16_eabi.lib : _printfi.c.obj (.text:_ltostr)
                  000076b5    00000001     --HOLE-- [fill = 0]
                  000076b6    00000002     uartecho_pem4f.oem4f (.text:ti_uia_loggers_LoggerStopMode_setFilterLevel__E)
                  000076b8    000000b0     sysbios.aem4f : BIOS.obj (.text:ti_sysbios_utils_Load_idleFxn__E)
                  00007768    000000ac     drivers_tivaware.aem4f : UARTTiva.oem4f (.text:readTaskBlocking)
                  00007814    00000004     ti.targets.arm.rtsarm.aem4f : Error.oem4f (.text:xdc_runtime_Error_getSite__E)
                  00007818    000000ac     sysbios.aem4f : BIOS.obj (.text:ti_sysbios_family_arm_lm4_Timer_enableTiva__I)
                  000078c4    00000004     uartecho_pem4f.oem4f (.text:xdc_runtime_System_Module_GateProxy_enter__E)
                  000078c8    000000ac     sysbios.aem4f : BIOS.obj (.text:ti_sysbios_knl_Swi_post__E)
                  00007974    000000a8     gen.obj (.text:genLatitude)
                  00007a1c    000000a8     gen.obj (.text:genLongitude)
                  00007ac4    00000004     uartecho_pem4f.oem4f (.text:xdc_runtime_System_Module_GateProxy_leave__E)
                  00007ac8    000000a8     sysbios.aem4f : BIOS.obj (.text:ti_sysbios_family_arm_lm4_Timer_enableTimers__I)
                  00007b70    000000a8                   : BIOS.obj (.text:ti_sysbios_knl_Task_blockI__E)
                  00007c18    000000a8                   : BIOS.obj (.text:ti_sysbios_knl_Task_postInit__I)
                  00007cc0    000000a4                   : BIOS.obj (.text:ti_sysbios_knl_Clock_Instance_finalize__E)
                  00007d64    000000a0     bLogic.obj (.text:addDate)
                  00007e04    000000a0     auto_init.aem4f : auto_init.oem4f (.text)
                  00007ea4    000000a0     ti.targets.arm.rtsarm.aem4f : Text.oem4f (.text:xdc_runtime_Text_putMod__E)
                  00007f44    0000009c     rtsv7M4_T_le_v4SPD16_eabi.lib : s_modf.c.obj (.text:modf)
                  00007fe0    0000009c                                   : memcpy_t2.asm.obj (.text)
                  0000807c    0000009c     bLogic.obj (.text:sendPacket)
                  00008118    0000009c     sysbios.aem4f : BIOS.obj (.text:ti_sysbios_knl_Semaphore_Instance_init__E)
                  000081b4    0000009a     ti.targets.arm.rtsarm.aem4f : Text.oem4f (.text:xdc_runtime_Text_putSite__E)
                  0000824e    00000098     drivers_tivaware.aem4f : UARTTiva.oem4f (.text:UARTTiva_readPolling)
                  000082e6    00000002     ti.uia.loggers.aem4f : LoggerStopMode.oem4f (.text:ti_uia_loggers_LoggerStopMode_setPriority__E)
                  000082e8    00000098     bLogic.obj (.text:addTime3)
                  00008380    00000098     Boot.aem4f : Boot.oem4f (.text:ti_catalog_arm_cortexm4_tiva_ce_Boot_sysCtlClockFreqSet__E)
                  00008418    00000096     rtsv7M4_T_le_v4SPD16_eabi.lib : ull_div_t2.asm.obj (.text)
                  000084ae    00000094     drivers_tivaware.aem4f : UARTTiva.oem4f (.text:UARTTiva_write)
                  00008542    00000006     driverlib.lib : gpio.obj (.text:GPIOIntClear)
                  00008548    00000094     sysbios.aem4f : BIOS.obj (.text:ti_sysbios_family_arm_m3_Hwi_Instance_init__E)
                  000085dc    00000004     ti.targets.arm.rtsarm.aem4f : System.oem4f (.text:xdc_runtime_System_aprintf_va__F)
                  000085e0    00000094     sysbios.aem4f : BIOS.obj (.text:ti_sysbios_family_arm_m3_Hwi_initNVIC__E)
                  00008674    00000004     ti.targets.arm.rtsarm.aem4f : System.oem4f (.text:xdc_runtime_System_printf_va__F)
                  00008678    00000094     sysbios.aem4f : BIOS.obj (.text:ti_sysbios_knl_Task_exit__E)
                  0000870c    00000002     uartecho_pem4f.oem4f (.text:xdc_runtime_Startup_reset__I)
                  0000870e    00000002     --HOLE-- [fill = 0]
                  00008710    00000090     sysbios.aem4f : BIOS.obj (.text:ti_sysbios_knl_Task_unblockI__E)
                  000087a0    00000090     ti.uia.loggers.aem4f : LoggerStopMode.oem4f (.text:ti_uia_loggers_LoggerStopMode_initQueueDescriptor__E)
                  00008830    0000008c     drivers_tivaware.aem4f : GPIOTiva.oem4f (.text:GPIO_init)
                  000088bc    0000008c                            : UARTTiva.oem4f (.text:UARTTiva_control)
                  00008948    0000008c     sysbios.aem4f : m3_TaskSupport_asm.obj (.text:ti_sysbios_family_arm_m3_TaskSupport_buildTaskStack)
                  000089d4    0000008a     drivers_tivaware.aem4f : UARTTiva.oem4f (.text:readIsrTextBlocking)
                  00008a5e    00000086     rtsv7M4_T_le_v4SPD16_eabi.lib : fd_cmp_t2.asm.obj (.text:__aeabi_cdcmple)
                  00008ae4    00000086                                   : fd_cmp_t2.asm.obj (.text:__aeabi_cdrcmple)
                  00008b6a    00000006     driverlib.lib : gpio.obj (.text:GPIOPinRead)
                  00008b70    00000084     sysbios.aem4f : BIOS.obj (.text:ti_sysbios_family_arm_m3_Hwi_postInit__I)
                  00008bf4    00000082     drivers_tivaware.aem4f : UARTTiva.oem4f (.text:readIsrTextCallback)
                  00008c76    0000007a                            : UARTTiva.oem4f (.text:readTaskCallback)
                  00008cf0    0000007a     rtsv7M4_T_le_v4SPD16_eabi.lib : memset_t2.asm.obj (.text)
                  00008d6a    00000006     driverlib.lib : gpio.obj (.text:GPIOPinWrite)
                  00008d70    00000074     sysbios.aem4f : BIOS.obj (.text:ti_sysbios_knl_Clock_start__E)
                  00008de4    00000074     ti.uia.runtime.aem4f : QueueDescriptor.oem4f (.text:ti_uia_runtime_QueueDescriptor_addToList__E)
                  00008e58    00000070     gen.obj (.text:genHDOP)
                  00008ec8    00000070     rtsv7M4_T_le_v4SPD16_eabi.lib : fd_toll_t2.asm.obj (.text)
                  00008f38    0000006e                                   : _printfi.c.obj (.text:_mcpy)
                  00008fa6    00000002     --HOLE-- [fill = 0]
                  00008fa8    0000006e     bLogic.obj (.text:addUsedGLONASSSatellites)
                  00009016    00000002     --HOLE-- [fill = 0]
                  00009018    0000006e     bLogic.obj (.text:addUsedGPSSatellites)
                  00009086    0000006e     rtsv7M4_T_le_v4SPD16_eabi.lib : ll_div_t2.asm.obj (.text)
                  000090f4    0000006d     ti.targets.arm.rtsarm.aem4f : System.oem4f (.text:xdc_runtime_System_formatNum__I)
                  00009161    00000001     --HOLE-- [fill = 0]
                  00009162    00000006     driverlib.lib : uart.obj (.text:UARTFIFOLevelSet)
                  00009168    0000006c     sysbios.aem4f : BIOS.obj (.text:ti_sysbios_knl_Swi_restoreHwi__E)
                  000091d4    0000006c     drivers_tivaware.aem4f : UARTTiva.oem4f (.text:writeData)
                  00009240    0000006c     ti.targets.arm.rtsarm.aem4f : Error.oem4f (.text:xdc_runtime_Error_print__E)
                  000092ac    0000006c                                 : Memory.oem4f (.text:xdc_runtime_Memory_alloc__E)
                  00009318    0000006a     gen.obj (.text:genUsedGLONASSSatelliteList)
                  00009382    0000006a     gen.obj (.text:genUsedGPSSatelliteList)
                  000093ec    00000068     rtsv7M4_T_le_v4SPD16_eabi.lib : copy_decompress_lzss.c.obj (.text:decompress:lzss:__TI_decompress_lzss)
                  00009454    00000066     ti.uia.loggers.aem4f : LoggerStopMode.oem4f (.text:ti_uia_loggers_LoggerStopMode_flush__E)
                  000094ba    00000066     ti.targets.arm.rtsarm.aem4f : Core-mem.oem4f (.text:xdc_runtime_Core_deleteObject__I)
                  00009520    00000064     drivers_tivaware.aem4f : GPIOTiva.oem4f (.text:GPIO_hwiIntFxn)
                  00009584    00000064     bLogic.obj (.text:bLogic_Init)
                  000095e8    00000064     rtsv7M4_T_le_v4SPD16_eabi.lib : s_frexp.c.obj (.text:frexp)
                  0000964c    00000004     --HOLE-- [fill = 0]
                  00009650    00000064     sysbios.aem4f : BIOS.obj (.text:ti_sysbios_family_arm_lm4_Timer_Module_startup__E)
                  000096b4    00000064     uartecho_pem4f.oem4f (.text:ti_sysbios_family_arm_m3_Hwi_create)
                  00009718    00000060     gen.obj (.text:genAltitude)
                  00009778    00000060     gen.obj (.text:genPDOP)
                  000097d8    00000060     gen.obj (.text:genVDOP)
                  00009838    00000060     sysbios.aem4f : BIOS.obj (.text:ti_sysbios_family_arm_lm4_Timer_isrStub__E)
                  00009898    00000060                   : BIOS.obj (.text:ti_sysbios_knl_Clock_logTick__E)
                  000098f8    00000060                   : BIOS.obj (.text:ti_sysbios_utils_Load_logCPULoad__I)
                  00009958    0000005f     bLogic.obj (.text:addLatitudeDir)
                  000099b7    00000001     --HOLE-- [fill = 0]
                  000099b8    0000005f     bLogic.obj (.text:addLongitudeDir)
                  00009a17    00000001     --HOLE-- [fill = 0]
                  00009a18    0000005e     drivers_tivaware.aem4f : UARTTiva.oem4f (.text:readIsrBinaryBlocking)
                  00009a76    00000002     --HOLE-- [fill = 0]
                  00009a78    0000005c     sysbios.aem4f : BIOS.obj (.text:ti_sysbios_knl_Swi_schedule__I)
                  00009ad4    00000004     --HOLE-- [fill = 0]
                  00009ad8    0000005c                   : BIOS.obj (.text:ti_sysbios_knl_Task_Module_startup__E)
                  00009b34    0000005b     ti.targets.arm.rtsarm.aem4f : Text.oem4f (.text:xdc_runtime_Text_putLab__E)
                  00009b8f    00000001     --HOLE-- [fill = 0]
                  00009b90    00000058     boot.aem4f : boot.oem4f (.text)
                  00009be8    00000058     rtsv7M4_T_le_v4SPD16_eabi.lib : hostwrite.c.obj (.text:HOSTwrite)
                  00009c40    00000058     uartecho_pem4f.oem4f (.text:ti_sysbios_family_arm_m3_Hwi_construct)
                  00009c98    00000058     sysbios.aem4f : m3_Hwi_asm_switch.obj (.text:ti_sysbios_family_arm_m3_Hwi_initStacks__E)
                  00009cf0    00000056     driverlib.lib : gpio.obj (.text:GPIOIntTypeSet)
                  00009d46    00000056     rtsv7M4_T_le_v4SPD16_eabi.lib : _printfi.c.obj (.text:_pconv_f)
                  00009d9c    00000054                                   : ltoa.c.obj (.text:ltoa)
                  00009df0    00000054     drivers_tivaware.aem4f : UARTTiva.oem4f (.text:readIsrBinaryCallback)
                  00009e44    00000054     uartecho_pem4f.oem4f (.text:ti_sysbios_knl_Task_construct)
                  00009e98    00000054     ti.targets.arm.rtsarm.aem4f : Assert.oem4f (.text:xdc_runtime_Assert_raise__I)
                  00009eec    00000052     rtsv7M4_T_le_v4SPD16_eabi.lib : _printfi.c.obj (.text:_ecpy)
                  00009f3e    00000002     --HOLE-- [fill = 0]
                  00009f40    00000050     drivers_tivaware.aem4f : GPIOTiva.oem4f (.text:GPIO_setCallback)
                  00009f90    00000050                            : GPIOTiva.oem4f (.text:GPIO_toggle)
                  00009fe0    00000050                            : UARTTiva.oem4f (.text:UARTTiva_writeCancel)
                  0000a030    00000050     Boot.aem4f : Boot_sysctl.oem4f (.text:_SysCtlFrequencyGet)
                  0000a080    00000050     sysbios.aem4f : BIOS.obj (.text:ti_sysbios_family_arm_m3_Hwi_Module_startup__E)
                  0000a0d0    00000050     ti.targets.arm.rtsarm.aem4f : Startup.oem4f (.text:xdc_runtime_Startup_exec__E)
                  0000a120    00000050                                 : Text.oem4f (.text:xdc_runtime_Text_visitRope2__I)
                  0000a170    0000004c     drivers_tivaware.aem4f : UARTTiva.oem4f (.text:UARTTiva_close)
                  0000a1bc    0000004c     rtsv7M4_T_le_v4SPD16_eabi.lib : atoi.c.obj (.text:atoi)
                  0000a208    0000004c                                   : cpy_tbl.c.obj (.text:copy_in)
                  0000a254    00000004     --HOLE-- [fill = 0]
                  0000a258    0000004c     sysbios.aem4f : BIOS.obj (.text:ti_sysbios_heaps_HeapMem_getStats__E)
                  0000a2a4    00000004     --HOLE-- [fill = 0]
                  0000a2a8    0000004c                   : BIOS.obj (.text:ti_sysbios_knl_Swi_runLoop__I)
                  0000a2f4    00000004     --HOLE-- [fill = 0]
                  0000a2f8    0000004c                   : BIOS.obj (.text:ti_sysbios_knl_Task_allBlockedFunction__I)
                  0000a344    0000004c     ti.uia.loggers.aem4f : LoggerStopMode.oem4f (.text:ti_uia_loggers_LoggerStopMode_Module_startup__E)
                  0000a390    00000048     driverlib.lib : gpio.obj (.text:GPIOPinConfigure)
                  0000a3d8    00000048     bLogic.obj (.text:addLatitude4)
                  0000a420    00000048     bLogic.obj (.text:addLongitude4)
                  0000a468    00000048     rtsv7M4_T_le_v4SPD16_eabi.lib : fd_toi_t2.asm.obj (.text)
                  0000a4b0    00000048     sysbios.aem4f : BIOS.obj (.text:ti_sysbios_family_arm_m3_Hwi_disableInterrupt__E)
                  0000a4f8    00000048                   : BIOS.obj (.text:ti_sysbios_family_arm_m3_Hwi_enableInterrupt__E)
                  0000a540    00000048                   : BIOS.obj (.text:ti_sysbios_family_arm_m3_Hwi_excReserved__I)
                  0000a588    00000046     drivers_tivaware.aem4f : RingBuf.oem4f (.text:RingBuf_put)
                  0000a5ce    00000046     ti.targets.arm.rtsarm.aem4f : Core-params.oem4f (.text:xdc_runtime_Core_assignParams__I)
                  0000a614    00000004     --HOLE-- [fill = 0]
                  0000a618    00000044     sysbios.aem4f : BIOS.obj (.text:ti_sysbios_family_arm_lm4_Timer_stop__E)
                  0000a65c    00000004     --HOLE-- [fill = 0]
                  0000a660    00000044                   : BIOS.obj (.text:ti_sysbios_family_arm_m3_Hwi_getStackInfo__E)
                  0000a6a4    00000044     ti.uia.loggers.aem4f : LoggerStopMode.oem4f (.text:ti_uia_loggers_LoggerStopMode_initBuffer__I)
                  0000a6e8    00000044     ti.targets.arm.rtsarm.aem4f : Error.oem4f (.text:xdc_runtime_Error_setX__E)
                  0000a72c    00000044                                 : SysMin.oem4f (.text:xdc_runtime_SysMin_flush__E)
                  0000a770    00000044                                 : Text.oem4f (.text:xdc_runtime_Text_xprintf__I)
                  0000a7b4    00000042     driverlib.lib : uart.obj (.text:UARTConfigSetExpClk)
                  0000a7f6    00000042     drivers_tivaware.aem4f : UARTTiva.oem4f (.text:UARTTiva_hwiIntFxn)
                  0000a838    00000042                            : UARTTiva.oem4f (.text:UARTTiva_writePolling)
                  0000a87a    00000040                            : RingBuf.oem4f (.text:RingBuf_get)
                  0000a8ba    00000040                            : UARTTiva.oem4f (.text:UARTTiva_read)
                  0000a8fa    00000040     rtsv7M4_T_le_v4SPD16_eabi.lib : ll_tofd_t2.asm.obj (.text)
                  0000a93a    00000040                                   : u_divt2.asm.obj (.text)
                  0000a97a    00000002     --HOLE-- [fill = 0]
                  0000a97c    00000040                                   : sprintf.c.obj (.text:sprintf)
                  0000a9bc    00000004     --HOLE-- [fill = 0]
                  0000a9c0    00000040     sysbios.aem4f : BIOS.obj (.text:ti_sysbios_family_arm_lm4_Timer_startup__E)
                  0000aa00    0000003e     rtsv7M4_T_le_v4SPD16_eabi.lib : _printfi.c.obj (.text:_fcpy)
                  0000aa3e    00000002     --HOLE-- [fill = 0]
                  0000aa40    0000003c     sysbios.aem4f : BIOS.obj (.text:ti_sysbios_family_arm_m3_Hwi_excSvCall__I)
                  0000aa7c    00000004     --HOLE-- [fill = 0]
                  0000aa80    0000003c                   : BIOS.obj (.text:ti_sysbios_heaps_HeapMem_init__I)
                  0000aabc    00000004     --HOLE-- [fill = 0]
                  0000aac0    0000003c                   : BIOS.obj (.text:ti_sysbios_knl_Swi_startup__E)
                  0000aafc    00000038     drivers_tivaware.aem4f : UART.oem4f (.text:UART_init)
                  0000ab34    00000038     rtsv7M4_T_le_v4SPD16_eabi.lib : trgmsg.c.obj (.text:__TI_writemsg)
                  0000ab6c    00000004     --HOLE-- [fill = 0]
                  0000ab70    00000038     sysbios.aem4f : BIOS.obj (.text:ti_sysbios_family_arm_m3_Hwi_excNoIsr__I)
                  0000aba8    00000038     uartecho_pem4f.oem4f (.text:ti_sysbios_knl_Clock_create)
                  0000abe0    00000038     sysbios.aem4f : BIOS.obj (.text:ti_sysbios_knl_Task_processVitalTaskFlag__I)
                  0000ac18    00000038     ti.targets.arm.rtsarm.aem4f : SysMin.oem4f (.text:xdc_runtime_SysMin_putch__E)
                  0000ac50    00000038                                 : System.oem4f (.text:xdc_runtime_System_atexit__E)
                  0000ac88    00000036     drivers_tivaware.aem4f : UARTTiva.oem4f (.text:UARTTiva_readCancel)
                  0000acbe    00000002     --HOLE-- [fill = 0]
                  0000acc0    00000034     driverlib.lib : sysctl.obj (.text:SysCtlPeripheralEnable)
                  0000acf4    00000034     rtsv7M4_T_le_v4SPD16_eabi.lib : trgmsg.c.obj (.text:__TI_readmsg)
                  0000ad28    00000034     bLogic.obj (.text:addHDOP2)
                  0000ad5c    00000034     bLogic.obj (.text:addPDOP2)
                  0000ad90    00000034     bLogic.obj (.text:addSpeed2)
                  0000adc4    00000034     bLogic.obj (.text:addTrack2)
                  0000adf8    00000034     bLogic.obj (.text:addVDOP2)
                  0000ae2c    00000004     --HOLE-- [fill = 0]
                  0000ae30    00000034     sysbios.aem4f : BIOS.obj (.text:ti_sysbios_family_arm_m3_Hwi_Instance_finalize__E)
                  0000ae64    00000004     --HOLE-- [fill = 0]
                  0000ae68    00000034                   : BIOS.obj (.text:ti_sysbios_family_arm_m3_Hwi_excNmi__I)
                  0000ae9c    00000004     --HOLE-- [fill = 0]
                  0000aea0    00000034                   : BIOS.obj (.text:ti_sysbios_hal_Hwi_checkStack)
                  0000aed4    00000034     uartecho_pem4f.oem4f (.text:ti_sysbios_knl_Clock_construct)
                  0000af08    00000034     uartecho_pem4f.oem4f (.text:ti_sysbios_knl_Semaphore_create)
                  0000af3c    00000034     ti.uia.loggers.aem4f : LoggerStopMode.oem4f (.text:ti_uia_loggers_LoggerStopMode_reset__E)
                  0000af70    00000034     ti.targets.arm.rtsarm.aem4f : Core-label.oem4f (.text:xdc_runtime_Core_assignLabel__I)
                  0000afa4    00000033                                 : Text.oem4f (.text:xdc_runtime_Text_printVisFxn__I)
                  0000afd7    00000001     --HOLE-- [fill = 0]
                  0000afd8    00000032     bLogic.obj (.text:addAltitude1)
                  0000b00a    00000002     --HOLE-- [fill = 0]
                  0000b00c    00000032     bLogic.obj (.text:addUndulation1)
                  0000b03e    00000002     --HOLE-- [fill = 0]
                  0000b040    00000032     sysbios.aem4f : BIOS.obj (.text:ti_sysbios_hal_Hwi_initStack)
                  0000b072    00000006     driverlib.lib : uart.obj (.text:UARTRxErrorClear)
                  0000b078    00000032     sysbios.aem4f : BIOS.obj (.text:ti_sysbios_knl_Semaphore_pendTimeout__I)
                  0000b0aa    00000002     --HOLE-- [fill = 0]
                  0000b0ac    00000030     drivers_tivaware.aem4f : UART.oem4f (.text:UART_open)
                  0000b0dc    00000030     uartecho_pem4f.oem4f (.text:ti_sysbios_BIOS_atExitFunc__I)
                  0000b10c    00000004     --HOLE-- [fill = 0]
                  0000b110    00000030     sysbios.aem4f : BIOS.obj (.text:ti_sysbios_family_arm_m3_TaskSupport_start__E)
                  0000b140    00000030     uartecho_pem4f.oem4f (.text:ti_sysbios_gates_GateHwi_Object__create__S)
                  0000b170    00000030     uartecho_pem4f.oem4f (.text:ti_sysbios_gates_GateMutex_Object__create__S)
                  0000b1a0    00000030     uartecho_pem4f.oem4f (.text:ti_sysbios_heaps_HeapMem_Object__create__S)
                  0000b1d0    00000030     uartecho_pem4f.oem4f (.text:ti_sysbios_knl_Semaphore_construct)
                  0000b200    00000030     sysbios.aem4f : BIOS.obj (.text:ti_sysbios_utils_Load_updateCurrentThreadTime__E)
                  0000b230    00000030     uartecho_pem4f.oem4f (.text:ti_uia_loggers_LoggerStopMode_Object__create__S)
                  0000b260    00000030     main.obj (.text:timerFxn)
                  0000b290    00000030     ti.targets.arm.rtsarm.aem4f : SysMin.oem4f (.text:xdc_runtime_SysMin_abort__E)
                  0000b2c0    00000030                                 : System.oem4f (.text:xdc_runtime_System_processAtExit__E)
                  0000b2f0    0000002f     bLogic.obj (.text:addNumberOfSatellitesUsed)
                  0000b31f    00000001     --HOLE-- [fill = 0]
                  0000b320    0000002e     bLogic.obj (.text:checksum)
                  0000b34e    0000002e     rtsv7M4_T_le_v4SPD16_eabi.lib : i_tofd_t2.asm.obj (.text)
                  0000b37c    0000002c     EK_TM4C1294XL.obj (.text:EK_TM4C1294XL_initUART)
                  0000b3a8    0000002c     uartecho_pem4f.oem4f (.text:ti_sysbios_knl_Clock_doTick__I)
                  0000b3d4    0000002c     uartecho_pem4f.oem4f (.text:ti_sysbios_knl_Queue_construct)
                  0000b400    0000002c     sysbios.aem4f : BIOS.obj (.text:ti_sysbios_knl_Task_restore__E)
                  0000b42c    0000002c     ti.targets.arm.rtsarm.aem4f : Text.oem4f (.text:xdc_runtime_Text_cordText__E)
                  0000b458    0000002a     driverlib.lib : gpio.obj (.text:GPIODirModeSet)
                  0000b482    0000002a     ti.targets.arm.rtsarm.aem4f : System.oem4f (.text:xdc_runtime_System_putchar__I)
                  0000b4ac    00000004     --HOLE-- [fill = 0]
                  0000b4b0    00000028     sysbios.aem4f : BIOS.obj (.text:ti_sysbios_knl_Swi_Module_startup__E)
                  0000b4d8    00000026     gen.obj (.text:genNumberOfSatellitesUsed)
                  0000b4fe    00000026     sysbios.aem4f : m3_Hwi_asm.obj (.text:ti_sysbios_family_arm_m3_Hwi_pendSV__I)
                  0000b524    00000026     ti.targets.arm.rtsarm.aem4f : System.oem4f (.text:xdc_runtime_System_avprintf__E)
                  0000b54a    00000002     --HOLE-- [fill = 0]
                  0000b54c    00000024     main.obj (.text:echoFxn)
                  0000b570    00000024     uartecho_pem4f.oem4f (.text:ti_sysbios_BIOS_registerRTSLock__I)
                  0000b594    00000024     uartecho_pem4f.oem4f (.text:ti_sysbios_BIOS_removeRTSLock__I)
                  0000b5b8    00000024     uartecho_pem4f.oem4f (.text:ti_sysbios_BIOS_startFunc__I)
                  0000b5dc    00000004     --HOLE-- [fill = 0]
                  0000b5e0    00000024     sysbios.aem4f : BIOS.obj (.text:ti_sysbios_family_arm_m3_Hwi_doTaskRestore__I)
                  0000b604    00000024     uartecho_pem4f.oem4f (.text:ti_sysbios_gates_GateMutex_Object__delete__S)
                  0000b628    00000024     sysbios.aem4f : BIOS.obj (.text:ti_sysbios_knl_Clock_Module_startup__E)
                  0000b64c    00000024     ti.targets.arm.rtsarm.aem4f : System.oem4f (.text:xdc_runtime_System_vprintf__E)
                  0000b670    00000022     sysbios.aem4f : BIOS.obj (.text:ti_sysbios_family_arm_lm4_Timer_write__I)
                  0000b692    00000022     uartecho_pem4f.oem4f (.text:xdc_runtime_SysMin_output__I)
                  0000b6b4    00000020     Boot.aem4f : Boot_sysctl.oem4f (.text:_SysCtlMemTimingGet)
                  0000b6d4    00000020     uartecho_pem4f.oem4f (.text:ti_sysbios_BIOS_rtsLock__I)
                  0000b6f4    00000020     sysbios.aem4f : m3_Hwi_asm.obj (.text:ti_sysbios_family_arm_m3_Hwi_excHandlerAsm__I)
                  0000b714    00000004     --HOLE-- [fill = 0]
                  0000b718    00000020                   : BIOS.obj (.text:ti_sysbios_family_arm_m3_Hwi_excHandler__I)
                  0000b738    00000020     uartecho_pem4f.oem4f (.text:ti_sysbios_gates_GateHwi_Object__delete__S)
                  0000b758    00000020     uartecho_pem4f.oem4f (.text:ti_sysbios_heaps_HeapMem_Object__delete__S)
                  0000b778    00000020     uartecho_pem4f.oem4f (.text:ti_sysbios_knl_Clock_Object__destruct__S)
                  0000b798    00000020     sysbios.aem4f : BIOS.obj (.text:ti_sysbios_knl_Idle_run__E)
                  0000b7b8    00000020     uartecho_pem4f.oem4f (.text:ti_sysbios_knl_Semaphore_Object__destruct__S)
                  0000b7d8    00000020     uartecho_pem4f.oem4f (.text:ti_uia_loggers_LoggerStopMode_Object__delete__S)
                  0000b7f8    00000020     ti.targets.arm.rtsarm.aem4f : Registry.oem4f (.text:xdc_runtime_Registry_findById__E)
                  0000b818    00000020                                 : SysMin.oem4f (.text:xdc_runtime_SysMin_Module_startup__E)
                  0000b838    0000001e     uartecho_pem4f.oem4f (.text:ti_sysbios_BIOS_errorRaiseHook__I)
                  0000b856    0000001e     sysbios.aem4f : m3_Hwi_asm_switch.obj (.text:ti_sysbios_family_xxx_Hwi_switchAndRunFunc)
                  0000b874    0000001c     driverlib.lib : uart.obj (.text:UARTDisable)
                  0000b890    0000001c     gen.obj (.text:genSpeed)
                  0000b8ac    0000001c     gen.obj (.text:genTrack)
                  0000b8c8    0000001c     gen.obj (.text:genUndulation)
                  0000b8e4    0000001c     drivers_tivaware.aem4f : GPIOTiva.oem4f (.text:getGpioIntIndex)
                  0000b900    0000001c     rtsv7M4_T_le_v4SPD16_eabi.lib : memccpy.c.obj (.text:memccpy)
                  0000b91c    0000001c     uartecho_pem4f.oem4f (.text:ti_sysbios_family_arm_m3_Hwi_Object__destruct__S)
                  0000b938    0000001c     sysbios.aem4f : BIOS.obj (.text:ti_sysbios_gates_GateMutex_Instance_init__E)
                  0000b954    0000001c     uartecho_pem4f.oem4f (.text:ti_sysbios_knl_Queue_Object__destruct__S)
                  0000b970    0000001c     sysbios.aem4f : BIOS.obj (.text:ti_sysbios_knl_Task_enter__I)
                  0000b98c    0000001c     ti.uia.loggers.aem4f : LoggerStopMode.oem4f (.text:ti_uia_loggers_LoggerStopMode_Instance_init__E)
                  0000b9a8    0000001c     ti.targets.arm.rtsarm.aem4f : Error.oem4f (.text:xdc_runtime_Error_raiseX__E)
                  0000b9c4    0000001c                                 : Memory.oem4f (.text:xdc_runtime_Memory_valloc__E)
                  0000b9e0    0000001c                                 : SysMin.oem4f (.text:xdc_runtime_SysMin_exit__E)
                  0000b9fc    0000001c                                 : System.oem4f (.text:xdc_runtime_System_abort__E)
                  0000ba18    0000001a     uartecho_pem4f.oem4f (.text:ti_sysbios_family_arm_m3_Hwi_Handle__label__S)
                  0000ba32    0000001a     uartecho_pem4f.oem4f (.text:ti_sysbios_gates_GateHwi_Handle__label__S)
                  0000ba4c    0000001a     uartecho_pem4f.oem4f (.text:ti_sysbios_gates_GateMutex_Handle__label__S)
                  0000ba66    0000001a     uartecho_pem4f.oem4f (.text:ti_sysbios_heaps_HeapMem_Handle__label__S)
                  0000ba80    0000001a     uartecho_pem4f.oem4f (.text:ti_sysbios_knl_Swi_Handle__label__S)
                  0000ba9a    0000001a     uartecho_pem4f.oem4f (.text:ti_sysbios_knl_Task_Handle__label__S)
                  0000bab4    0000001a     uartecho_pem4f.oem4f (.text:ti_uia_loggers_LoggerStopMode_Handle__label__S)
                  0000bace    0000001a     uartecho_pem4f.oem4f (.text:xdc_runtime_System_aprintf__E)
                  0000bae8    0000001a     uartecho_pem4f.oem4f (.text:xdc_runtime_System_printf__E)
                  0000bb02    00000002     --HOLE-- [fill = 0]
                  0000bb04    00000018     drivers_tivaware.aem4f : UART.oem4f (.text:UART_Params_init)
                  0000bb1c    00000018     rtsv7M4_T_le_v4SPD16_eabi.lib : args_main.c.obj (.text:_args_main)
                  0000bb34    00000018                                   : sprintf.c.obj (.text:_outs)
                  0000bb4c    00000018     uartecho_pem4f.oem4f (.text:ti_sysbios_BIOS_rtsUnlock__I)
                  0000bb64    00000018     uartecho_pem4f.oem4f (.text:ti_sysbios_family_arm_lm4_Timer_Module__startupDone__F)
                  0000bb7c    00000018     uartecho_pem4f.oem4f (.text:ti_sysbios_family_arm_m3_Hwi_Module__startupDone__F)
                  0000bb94    00000018     sysbios.aem4f : m3_TaskSupport_asm.obj (.text:ti_sysbios_family_arm_m3_TaskSupport_swap__E)
                  0000bbac    00000004     --HOLE-- [fill = 0]
                  0000bbb0    00000018                   : BIOS.obj (.text:ti_sysbios_gates_GateMutex_leave__E)
                  0000bbc8    00000018     ti.targets.arm.rtsarm.aem4f : Error.oem4f (.text:xdc_runtime_Error_check__E)
                  0000bbe0    00000018                                 : System.oem4f (.text:xdc_runtime_System_exit__E)
                  0000bbf8    00000018                                 : Text.oem4f (.text:xdc_runtime_Text_ropeText__E)
                  0000bc10    00000016     rtsv7M4_T_le_v4SPD16_eabi.lib : strchr.c.obj (.text:strchr)
                  0000bc26    00000016     uartecho_pem4f.oem4f (.text:ti_sysbios_BIOS_exitFunc__I)
                  0000bc3c    00000016     main.obj (.text:ti_sysbios_knl_Clock_Params_init)
                  0000bc52    00000016     main.obj (.text:ti_sysbios_knl_Semaphore_Params_init)
                  0000bc68    00000016     main.obj (.text:ti_sysbios_knl_Task_Params_init)
                  0000bc7e    00000016     ti.uia.loggers.aem4f : LoggerStopMode.oem4f (.text:ti_uia_loggers_LoggerStopMode_disable__E)
                  0000bc94    00000016                          : LoggerStopMode.oem4f (.text:ti_uia_loggers_LoggerStopMode_enable__E)
                  0000bcaa    00000014     driverlib.lib : uart.obj (.text:UARTEnable)
                  0000bcbe    00000014     rtsv7M4_T_le_v4SPD16_eabi.lib : s_copysign.c.obj (.text:copysign)
                  0000bcd2    00000014                                   : strlen.c.obj (.text:strlen)
                  0000bce6    00000002     --HOLE-- [fill = 0]
                  0000bce8    00000014     uartecho_pem4f.oem4f (.text:ti_sysbios_family_arm_m3_Hwi_Object__get__S)
                  0000bcfc    00000004     --HOLE-- [fill = 0]
                  0000bd00    00000014     sysbios.aem4f : BIOS.obj (.text:ti_sysbios_family_arm_m3_Hwi_switchFromBootStack__E)
                  0000bd14    00000014     uartecho_pem4f.oem4f (.text:ti_sysbios_heaps_HeapMem_Object__get__S)
                  0000bd28    00000014     uartecho_pem4f.oem4f (.text:ti_sysbios_knl_Swi_Object__get__S)
                  0000bd3c    00000012     driverlib.lib : gpio.obj (.text:GPIOPinTypeUART)
                  0000bd4e    00000012     drivers_tivaware.aem4f : RingBuf.oem4f (.text:RingBuf_construct)
                  0000bd60    00000012     sysbios.aem4f : BIOS.obj (.text:ti_sysbios_hal_Hwi_Module_startup__E)
                  0000bd72    00000012     rtsv7M4_T_le_v4SPD16_eabi.lib : wcslen.c.obj (.text:wcslen)
                  0000bd84    00000012     uartecho_pem4f.oem4f (.text:xdc_runtime_Startup_exec__I)
                  0000bd96    00000002     --HOLE-- [fill = 0]
                  0000bd98    00000010     uartecho_pem4f.oem4f (.text:.bootCodeSection:ti_catalog_arm_cortexm4_tiva_ce_Boot_init__I)
                  0000bda8    00000010     drivers_tivaware.aem4f : UARTTiva.oem4f (.text:readBlockingTimeout)
                  0000bdb8    00000010     sysbios.aem4f : BIOS.obj (.text:ti_sysbios_BIOS_getCpuFreq__E)
                  0000bdc8    00000010                   : BIOS.obj (.text:ti_sysbios_BIOS_setThreadType__E)
                  0000bdd8    00000010                   : BIOS.obj (.text:ti_sysbios_BIOS_start__E)
                  0000bde8    00000010                   : BIOS.obj (.text:ti_sysbios_family_arm_lm4_TimestampProvider_rolloverFunc__E)
                  0000bdf8    00000010                   : m3_TaskSupport_asm.obj (.text:ti_sysbios_family_arm_m3_TaskSupport_glue)
                  0000be08    00000010                   : BIOS.obj (.text:ti_sysbios_gates_GateMutex_Instance_finalize__E)
                  0000be18    00000010                   : BIOS.obj (.text:ti_sysbios_knl_Semaphore_Instance_finalize__E)
                  0000be28    00000010                   : BIOS.obj (.text:ti_sysbios_knl_Swi_disable__E)
                  0000be38    00000010     uartecho_pem4f.oem4f (.text:ti_sysbios_knl_Task_Object__get__S)
                  0000be48    00000010     sysbios.aem4f : BIOS.obj (.text:ti_sysbios_knl_Task_disable__E)
                  0000be58    00000010     uartecho_pem4f.oem4f (.text:ti_uia_loggers_LoggerStopMode_Object__get__S)
                  0000be68    00000010     ti.uia.loggers.aem4f : LoggerStopMode.oem4f (.text:ti_uia_loggers_LoggerStopMode_isEmpty__E)
                  0000be78    00000010     ti.targets.arm.rtsarm.aem4f : Gate.oem4f (.text:xdc_runtime_Gate_leaveSystem__E)
                  0000be88    00000010                                 : Memory.oem4f (.text:xdc_runtime_Memory_free__E)
                  0000be98    00000010                                 : SysMin.oem4f (.text:xdc_runtime_SysMin_ready__E)
                  0000bea8    00000010                                 : System.oem4f (.text:xdc_runtime_System_vsnprintf__E)
                  0000beb8    00000010     uartecho_pem4f.oem4f (.text:xdc_runtime_Text_visitRope__I)
                  0000bec8    0000000e     driverlib.lib : gpio.obj (.text:GPIOIntStatus)
                  0000bed6    0000000e                   : uart.obj (.text:UARTCharGetNonBlocking)
                  0000bee4    0000000e                   : uart.obj (.text:UARTCharPutNonBlocking)
                  0000bef2    0000000e     rtsv7M4_T_le_v4SPD16_eabi.lib : copy_decompress_none.c.obj (.text:decompress:none:__TI_decompress_none)
                  0000bf00    0000000e     sysbios.aem4f : BIOS.obj (.text:ti_sysbios_knl_Idle_loop__E)
                  0000bf0e    00000002     --HOLE-- [fill = 0]
                  0000bf10    0000000e                   : BIOS.obj (.text:ti_sysbios_knl_Queue_empty__E)
                  0000bf1e    0000000c     drivers_tivaware.aem4f : RingBuf.oem4f (.text:RingBuf_peek)
                  0000bf2a    0000000c     driverlib.lib : uart.obj (.text:UARTFlowControlSet)
                  0000bf36    0000000c     drivers_tivaware.aem4f : UARTTiva.oem4f (.text:UARTTiva_init)
                  0000bf42    00000002     --HOLE-- [fill = 0]
                  0000bf44    0000000c     rtsv7M4_T_le_v4SPD16_eabi.lib : _lock.c.obj (.text:_register_lock)
                  0000bf50    0000000c                                   : _lock.c.obj (.text:_register_unlock)
                  0000bf5c    0000000c                                   : copy_zero_init.c.obj (.text:decompress:ZI:__TI_zero_init)
                  0000bf68    0000000c     sysbios.aem4f : BIOS.obj (.text:ti_sysbios_family_arm_lm4_Timer_getMaxTicks__E)
                  0000bf74    00000004     --HOLE-- [fill = 0]
                  0000bf78    0000000c                   : BIOS.obj (.text:ti_sysbios_family_arm_lm4_TimestampProvider_startTimer__E)
                  0000bf84    0000000c     uartecho_pem4f.oem4f (.text:ti_sysbios_family_arm_m3_Hwi_Params__init__S)
                  0000bf90    0000000c     sysbios.aem4f : BIOS.obj (.text:ti_sysbios_family_arm_m3_Hwi_disableFxn__E)
                  0000bf9c    00000004     --HOLE-- [fill = 0]
                  0000bfa0    0000000c                   : BIOS.obj (.text:ti_sysbios_family_arm_m3_TaskSupport_checkStack__E)
                  0000bfac    00000004     --HOLE-- [fill = 0]
                  0000bfb0    0000000c                   : BIOS.obj (.text:ti_sysbios_family_arm_m3_TaskSupport_getStackAlignment__E)
                  0000bfbc    00000004     --HOLE-- [fill = 0]
                  0000bfc0    0000000c                   : BIOS.obj (.text:ti_sysbios_gates_GateHwi_enter__E)
                  0000bfcc    0000000c     uartecho_pem4f.oem4f (.text:ti_sysbios_knl_Clock_Params__init__S)
                  0000bfd8    0000000c     uartecho_pem4f.oem4f (.text:ti_sysbios_knl_Queue_Object__get__S)
                  0000bfe4    0000000c     uartecho_pem4f.oem4f (.text:ti_sysbios_knl_Semaphore_Params__init__S)
                  0000bff0    0000000c     uartecho_pem4f.oem4f (.text:ti_sysbios_knl_Task_Params__init__S)
                  0000bffc    0000000c     ti.targets.arm.rtsarm.aem4f : Error.oem4f (.text:xdc_runtime_Error_init__E)
                  0000c008    0000000c                                 : Gate.oem4f (.text:xdc_runtime_Gate_enterSystem__E)
                  0000c014    0000000c                                 : Memory.oem4f (.text:xdc_runtime_Memory_calloc__E)
                  0000c020    0000000c                                 : Memory.oem4f (.text:xdc_runtime_Memory_getMaxDefaultTypeAlign__E)
                  0000c02c    0000000a     driverlib.lib : uart.obj (.text:UARTCharGet)
                  0000c036    0000000a                   : uart.obj (.text:UARTCharPut)
                  0000c040    0000000a                   : uart.obj (.text:UARTIntDisable)
                  0000c04a    0000000a                   : uart.obj (.text:UARTIntStatus)
                  0000c054    0000000a     drivers_tivaware.aem4f : UART.oem4f (.text:UART_write)
                  0000c05e    0000000a     rtsv7M4_T_le_v4SPD16_eabi.lib : sprintf.c.obj (.text:_outc)
                  0000c068    0000000a     uartecho_pem4f.oem4f (.text:xdc_runtime_IHeap_alloc)
                  0000c072    0000000a     uartecho_pem4f.oem4f (.text:xdc_runtime_IHeap_free)
                  0000c07c    00000008     EK_TM4C1294XL.obj (.text:EK_TM4C1294XL_initGPIO)
                  0000c084    00000008     driverlib.lib : uart.obj (.text:UARTIntEnable)
                  0000c08c    00000008                   : uart.obj (.text:UARTRxErrorGet)
                  0000c094    00000008     rtsv7M4_T_le_v4SPD16_eabi.lib : errno.c.obj (.text:__aeabi_errno_addr)
                  0000c09c    00000008     drivers_tivaware.aem4f : UARTTiva.oem4f (.text:readSemCallback)
                  0000c0a4    00000008     sysbios.aem4f : BIOS.obj (.text:ti_sysbios_family_arm_lm4_Timer_masterDisable__I)
                  0000c0ac    00000004     --HOLE-- [fill = 0]
                  0000c0b0    00000008                   : BIOS.obj (.text:ti_sysbios_family_arm_m3_Hwi_doSwiRestore__I)
                  0000c0b8    00000008                   : BIOS.obj (.text:ti_sysbios_family_arm_m3_Hwi_startup__E)
                  0000c0c0    00000008     drivers_tivaware.aem4f : UARTTiva.oem4f (.text:writeSemCallback)
                  0000c0c8    00000006     sysbios.aem4f : BIOS.obj (.text:ti_sysbios_family_arm_lm4_TimestampProvider_Module_startup__E)
                  0000c0ce    00000002     --HOLE-- [fill = 0]
                  0000c0d0    00000006                   : BIOS.obj (.text:ti_sysbios_family_arm_m3_Hwi_restoreFxn__E)
                  0000c0d6    00000002     --HOLE-- [fill = 0]
                  0000c0d8    00000006                   : BIOS.obj (.text:ti_sysbios_gates_GateHwi_leave__E)
                  0000c0de    00000002     --HOLE-- [fill = 0]
                  0000c0e0    00000006                   : BIOS.obj (.text:ti_sysbios_heaps_HeapMem_isBlocking__E)
                  0000c0e6    00000002     --HOLE-- [fill = 0]
                  0000c0e8    00000006                   : BIOS.obj (.text:ti_sysbios_knl_Clock_stop__E)
                  0000c0ee    00000002     --HOLE-- [fill = 0]
                  0000c0f0    00000006                   : BIOS.obj (.text:ti_sysbios_knl_Queue_Instance_init__E)
                  0000c0f6    00000006     ti.targets.arm.rtsarm.aem4f : System.oem4f (.text:xdc_runtime_System_Module_startup__E)
                  0000c0fc    00000004     --HOLE-- [fill = 0]
                  0000c100    00000004     sysbios.aem4f : BIOS.obj (.text:ti_sysbios_family_arm_lm4_Timer_getPeriod__E)
                  0000c104    00000004     --HOLE-- [fill = 0]
                  0000c108    00000004                   : BIOS.obj (.text:ti_sysbios_gates_GateHwi_query__E)
                  0000c10c    00000004     --HOLE-- [fill = 0]
                  0000c110    00000004                   : BIOS.obj (.text:ti_sysbios_gates_GateMutex_query__E)
                  0000c114    00000004     --HOLE-- [fill = 0]
                  0000c118    00000004                   : BIOS.obj (.text:ti_sysbios_knl_Task_startup__E)
                  0000c11c    00000004     --HOLE-- [fill = 0]
                  0000c120    00000002                   : BIOS.obj (.text:ti_sysbios_gates_GateHwi_Instance_init__E)

.const     0    0000c128    00002fe0     
                  0000c128    00001fa3     uartecho_pem4f.oem4f (.const:xdc_runtime_Text_charTab__A)
                  0000e0cb    00000001     uartecho_pem4f.oem4f (.const:xdc_runtime_Error_policy__C)
                  0000e0cc    00000004     uartecho_pem4f.oem4f (.const:ti_catalog_arm_cortexm4_tiva_ce_Boot_A_mustNotUseEnhancedClockMode__C)
                  0000e0d0    00000158     rtsv7M4_T_le_v4SPD16_eabi.lib : k_rem_pio2.c.obj (.const:$O1$$)
                  0000e228    00000120     Boot.aem4f : Boot_sysctl.oem4f (.const:g_pppui32XTALtoVCO)
                  0000e348    00000104     uartecho_pem4f.oem4f (.const:xdc_runtime_Text_nodeTab__A)
                  0000e44c    00000101     rtsv7M4_T_le_v4SPD16_eabi.lib : ctype.c.obj (.const:.string:_ctypes_)
                  0000e54d    00000001     --HOLE-- [fill = 0]
                  0000e54e    00000002     uartecho_pem4f.oem4f (.const:ti_catalog_arm_cortexm4_tiva_ce_Boot_Module__id__C)
                  0000e550    00000090     driverlib.lib : gpio.obj (.const:g_pui32GPIOBaseAddrs)
                  0000e5e0    0000006c     Boot.aem4f : Boot_sysctl.oem4f (.const:g_pui32Xtals)
                  0000e64c    00000064     bLogic.obj (.const:.string:$P$T0$1)
                  0000e6b0    00000064     bLogic.obj (.const:.string:$P$T1$2)
                  0000e714    00000064     bLogic.obj (.const:.string:$P$T2$3)
                  0000e778    00000064     bLogic.obj (.const:.string:$P$T3$4)
                  0000e7dc    00000064     bLogic.obj (.const:.string:$P$T4$5)
                  0000e840    00000064     bLogic.obj (.const:.string:$P$T5$6)
                  0000e8a4    00000060     uartecho_pem4f.oem4f (.const:ti_uia_loggers_LoggerStopMode_Module__FXNS__C)
                  0000e904    00000054     drivers_tivaware.aem4f : GPIOTiva.oem4f (.const:.string)
                  0000e958    0000004c                            : UARTTiva.oem4f (.const)
                  0000e9a4    00000048     uartecho_pem4f.oem4f (.const:.string)
                  0000e9ec    00000048     drivers_tivaware.aem4f : GPIOTiva.oem4f (.const:gpioBaseAddresses)
                  0000ea34    0000003c     uartecho_pem4f.oem4f (.const:ti_sysbios_knl_Task_Object__PARAMS__C)
                  0000ea70    00000030     Boot.aem4f : Boot_sysctl.oem4f (.const:g_sXTALtoMEMTIM)
                  0000eaa0    00000030     uartecho_pem4f.oem4f (.const:ti_sysbios_family_arm_m3_Hwi_Object__PARAMS__C)
                  0000ead0    00000028     drivers_tivaware.aem4f : UARTTiva.oem4f (.const:UARTTiva_fxnTable)
                  0000eaf8    00000028     uartecho_pem4f.oem4f (.const:ti_sysbios_heaps_HeapMem_Module__FXNS__C)
                  0000eb20    00000028     uartecho_pem4f.oem4f (.const:ti_uia_loggers_LoggerStopMode_Object__PARAMS__C)
                  0000eb48    00000028     uartecho_pem4f.oem4f (.const:xdc_runtime_Startup_sfxnTab__A)
                  0000eb70    00000024     drivers_tivaware.aem4f : UART.oem4f (.const:UART_defaultParams)
                  0000eb94    00000024     uartecho_pem4f.oem4f (.const:ti_sysbios_gates_GateHwi_Module__FXNS__C)
                  0000ebb8    00000024     uartecho_pem4f.oem4f (.const:ti_sysbios_gates_GateMutex_Module__FXNS__C)
                  0000ebdc    00000024     uartecho_pem4f.oem4f (.const:ti_sysbios_heaps_HeapMem_Object__PARAMS__C)
                  0000ec00    00000024     uartecho_pem4f.oem4f (.const:ti_sysbios_knl_Clock_Object__PARAMS__C)
                  0000ec24    00000024     uartecho_pem4f.oem4f (.const:ti_sysbios_knl_Semaphore_Object__PARAMS__C)
                  0000ec48    00000020     uartecho_pem4f.oem4f (.const:ti_sysbios_family_arm_m3_Hwi_Object__DESC__C)
                  0000ec68    00000020     uartecho_pem4f.oem4f (.const:ti_sysbios_gates_GateHwi_Object__DESC__C)
                  0000ec88    00000020     uartecho_pem4f.oem4f (.const:ti_sysbios_gates_GateMutex_Object__DESC__C)
                  0000eca8    00000020     uartecho_pem4f.oem4f (.const:ti_sysbios_heaps_HeapMem_Object__DESC__C)
                  0000ecc8    00000020     uartecho_pem4f.oem4f (.const:ti_sysbios_knl_Clock_Object__DESC__C)
                  0000ece8    00000020     uartecho_pem4f.oem4f (.const:ti_sysbios_knl_Queue_Object__DESC__C)
                  0000ed08    00000020     uartecho_pem4f.oem4f (.const:ti_sysbios_knl_Semaphore_Object__DESC__C)
                  0000ed28    00000020     uartecho_pem4f.oem4f (.const:ti_sysbios_knl_Task_Object__DESC__C)
                  0000ed48    00000020     uartecho_pem4f.oem4f (.const:ti_uia_loggers_LoggerStopMode_Object__DESC__C)
                  0000ed68    00000018     EK_TM4C1294XL.obj (.const:UART_config)
                  0000ed80    00000018     uartecho_pem4f.oem4f (.const:ti_sysbios_gates_GateHwi_Object__PARAMS__C)
                  0000ed98    00000018     uartecho_pem4f.oem4f (.const:ti_sysbios_gates_GateMutex_Object__PARAMS__C)
                  0000edb0    00000018     uartecho_pem4f.oem4f (.const:ti_sysbios_knl_Queue_Object__PARAMS__C)
                  0000edc8    00000018     EK_TM4C1294XL.obj (.const:uartTivaHWAttrs)
                  0000ede0    00000014     EK_TM4C1294XL.obj (.const:GPIOTiva_config)
                  0000edf4    00000014     uartecho_pem4f.oem4f (.const:xdc_runtime_Startup_firstFxns__A)
                  0000ee08    00000014     uartecho_pem4f.oem4f (.const:xdc_runtime_Startup_sfxnRts__A)
                  0000ee1c    00000004     uartecho_pem4f.oem4f (.const:ti_catalog_arm_cortexm4_tiva_ce_Boot_Module__diagsEnabled__C)
                  0000ee20    00000010     rtsv7M4_T_le_v4SPD16_eabi.lib : e_fmod.c.obj (.const:Zero)
                  0000ee30    00000008     Boot.aem4f : Boot_sysctl.oem4f (.const)
                  0000ee38    00000008     uartecho_pem4f.oem4f (.const:ti_sysbios_family_arm_m3_Hwi_excHookFuncs__A)
                  0000ee40    00000008     uartecho_pem4f.oem4f (.const:ti_sysbios_knl_Idle_funcList__A)
                  0000ee48    00000008     uartecho_pem4f.oem4f (.const:ti_sysbios_knl_Idle_funcList__C)
                  0000ee50    00000008     uartecho_pem4f.oem4f (.const:xdc_runtime_Startup_firstFxns__C)
                  0000ee58    00000008     uartecho_pem4f.oem4f (.const:xdc_runtime_Startup_lastFxns__C)
                  0000ee60    00000004     uartecho_pem4f.oem4f (.const:ti_catalog_arm_cortexm4_tiva_ce_Boot_Module__diagsIncluded__C)
                  0000ee64    00000004     uartecho_pem4f.oem4f (.const:ti_catalog_arm_cortexm4_tiva_ce_Boot_Module__diagsMask__C)
                  0000ee68    00000004     uartecho_pem4f.oem4f (.const:ti_sysbios_family_arm_lm4_Timer_enableFunc__C)
                  0000ee6c    00000004     uartecho_pem4f.oem4f (.const:ti_sysbios_family_arm_lm4_Timer_numTimerDevices__C)
                  0000ee70    00000004     uartecho_pem4f.oem4f (.const:ti_sysbios_family_arm_lm4_Timer_startupNeeded__C)
                  0000ee74    00000004     uartecho_pem4f.oem4f (.const:ti_sysbios_family_arm_m3_Hwi_E_NMI__C)
                  0000ee78    00000004     uartecho_pem4f.oem4f (.const:ti_sysbios_family_arm_m3_Hwi_E_alreadyDefined__C)
                  0000ee7c    00000004     uartecho_pem4f.oem4f (.const:ti_sysbios_family_arm_m3_Hwi_E_busFault__C)
                  0000ee80    00000004     uartecho_pem4f.oem4f (.const:ti_sysbios_family_arm_m3_Hwi_E_debugMon__C)
                  0000ee84    00000004     uartecho_pem4f.oem4f (.const:ti_sysbios_family_arm_m3_Hwi_E_hardFault__C)
                  0000ee88    00000004     uartecho_pem4f.oem4f (.const:ti_sysbios_family_arm_m3_Hwi_E_memFault__C)
                  0000ee8c    00000004     uartecho_pem4f.oem4f (.const:ti_sysbios_family_arm_m3_Hwi_E_noIsr__C)
                  0000ee90    00000004     uartecho_pem4f.oem4f (.const:ti_sysbios_family_arm_m3_Hwi_E_reserved__C)
                  0000ee94    00000004     uartecho_pem4f.oem4f (.const:ti_sysbios_family_arm_m3_Hwi_E_svCall__C)
                  0000ee98    00000004     uartecho_pem4f.oem4f (.const:ti_sysbios_family_arm_m3_Hwi_E_usageFault__C)
                  0000ee9c    00000004     uartecho_pem4f.oem4f (.const:ti_sysbios_family_arm_m3_Hwi_LD_end__C)
                  0000eea0    00000004     uartecho_pem4f.oem4f (.const:ti_sysbios_family_arm_m3_Hwi_LM_begin__C)
                  0000eea4    00000004     uartecho_pem4f.oem4f (.const:ti_sysbios_family_arm_m3_Hwi_Module__diagsEnabled__C)
                  0000eea8    00000004     uartecho_pem4f.oem4f (.const:ti_sysbios_family_arm_m3_Hwi_Module__diagsIncluded__C)
                  0000eeac    00000004     uartecho_pem4f.oem4f (.const:ti_sysbios_family_arm_m3_Hwi_Module__diagsMask__C)
                  0000eeb0    00000004     uartecho_pem4f.oem4f (.const:ti_sysbios_family_arm_m3_Hwi_Module__loggerFxn1__C)
                  0000eeb4    00000004     uartecho_pem4f.oem4f (.const:ti_sysbios_family_arm_m3_Hwi_Module__loggerFxn8__C)
                  0000eeb8    00000004     uartecho_pem4f.oem4f (.const:ti_sysbios_family_arm_m3_Hwi_Module__loggerObj__C)
                  0000eebc    00000004     uartecho_pem4f.oem4f (.const:ti_sysbios_family_arm_m3_Hwi_NUM_INTERRUPTS__C)
                  0000eec0    00000004     uartecho_pem4f.oem4f (.const:ti_sysbios_family_arm_m3_Hwi_Object__count__C)
                  0000eec4    00000004     uartecho_pem4f.oem4f (.const:ti_sysbios_family_arm_m3_Hwi_ccr__C)
                  0000eec8    00000004     uartecho_pem4f.oem4f (.const:ti_sysbios_family_arm_m3_Hwi_excHandlerFunc__C)
                  0000eecc    00000004     uartecho_pem4f.oem4f (.const:ti_sysbios_family_arm_m3_Hwi_excHookFuncs__C)
                  0000eed0    00000004     uartecho_pem4f.oem4f (.const:ti_sysbios_family_arm_m3_Hwi_nullIsrFunc__C)
                  0000eed4    00000004     uartecho_pem4f.oem4f (.const:ti_sysbios_family_arm_m3_Hwi_priGroup__C)
                  0000eed8    00000004     uartecho_pem4f.oem4f (.const:ti_sysbios_family_arm_m3_TaskSupport_stackAlignment__C)
                  0000eedc    00000004     uartecho_pem4f.oem4f (.const:ti_sysbios_gates_GateMutex_A_badContext__C)
                  0000eee0    00000004     uartecho_pem4f.oem4f (.const:ti_sysbios_gates_GateMutex_Instance_State_sem__O)
                  0000eee4    00000004     uartecho_pem4f.oem4f (.const:ti_sysbios_gates_GateMutex_Module__diagsEnabled__C)
                  0000eee8    00000004     uartecho_pem4f.oem4f (.const:ti_sysbios_gates_GateMutex_Module__diagsIncluded__C)
                  0000eeec    00000004     uartecho_pem4f.oem4f (.const:ti_sysbios_gates_GateMutex_Module__diagsMask__C)
                  0000eef0    00000004     uartecho_pem4f.oem4f (.const:ti_sysbios_hal_Hwi_E_stackOverflow__C)
                  0000eef4    00000004     uartecho_pem4f.oem4f (.const:ti_sysbios_heaps_HeapMem_A_align__C)
                  0000eef8    00000004     uartecho_pem4f.oem4f (.const:ti_sysbios_heaps_HeapMem_A_heapSize__C)
                  0000eefc    00000004     uartecho_pem4f.oem4f (.const:ti_sysbios_heaps_HeapMem_A_invalidFree__C)
                  0000ef00    00000004     uartecho_pem4f.oem4f (.const:ti_sysbios_heaps_HeapMem_A_zeroBlock__C)
                  0000ef04    00000004     uartecho_pem4f.oem4f (.const:ti_sysbios_heaps_HeapMem_E_memory__C)
                  0000ef08    00000004     uartecho_pem4f.oem4f (.const:ti_sysbios_heaps_HeapMem_Module__diagsEnabled__C)
                  0000ef0c    00000004     uartecho_pem4f.oem4f (.const:ti_sysbios_heaps_HeapMem_Module__diagsIncluded__C)
                  0000ef10    00000004     uartecho_pem4f.oem4f (.const:ti_sysbios_heaps_HeapMem_Module__diagsMask__C)
                  0000ef14    00000004     uartecho_pem4f.oem4f (.const:ti_sysbios_heaps_HeapMem_Module__gateObj__C)
                  0000ef18    00000004     uartecho_pem4f.oem4f (.const:ti_sysbios_heaps_HeapMem_Object__count__C)
                  0000ef1c    00000004     uartecho_pem4f.oem4f (.const:ti_sysbios_heaps_HeapMem_reqAlign__C)
                  0000ef20    00000004     uartecho_pem4f.oem4f (.const:ti_sysbios_knl_Clock_A_badThreadType__C)
                  0000ef24    00000004     uartecho_pem4f.oem4f (.const:ti_sysbios_knl_Clock_LM_begin__C)
                  0000ef28    00000004     uartecho_pem4f.oem4f (.const:ti_sysbios_knl_Clock_LM_tick__C)
                  0000ef2c    00000004     uartecho_pem4f.oem4f (.const:ti_sysbios_knl_Clock_LW_delayed__C)
                  0000ef30    00000004     uartecho_pem4f.oem4f (.const:ti_sysbios_knl_Clock_Module_State_clockQ__O)
                  0000ef34    00000004     uartecho_pem4f.oem4f (.const:ti_sysbios_knl_Clock_Module__diagsEnabled__C)
                  0000ef38    00000004     uartecho_pem4f.oem4f (.const:ti_sysbios_knl_Clock_Module__diagsIncluded__C)
                  0000ef3c    00000004     uartecho_pem4f.oem4f (.const:ti_sysbios_knl_Clock_Module__diagsMask__C)
                  0000ef40    00000004     uartecho_pem4f.oem4f (.const:ti_sysbios_knl_Clock_Module__loggerFxn1__C)
                  0000ef44    00000004     uartecho_pem4f.oem4f (.const:ti_sysbios_knl_Clock_Module__loggerFxn2__C)
                  0000ef48    00000004     uartecho_pem4f.oem4f (.const:ti_sysbios_knl_Clock_Module__loggerObj__C)
                  0000ef4c    00000004     uartecho_pem4f.oem4f (.const:ti_sysbios_knl_Semaphore_A_badContext__C)
                  0000ef50    00000004     uartecho_pem4f.oem4f (.const:ti_sysbios_knl_Semaphore_A_noEvents__C)
                  0000ef54    00000004     uartecho_pem4f.oem4f (.const:ti_sysbios_knl_Semaphore_A_overflow__C)
                  0000ef58    00000004     uartecho_pem4f.oem4f (.const:ti_sysbios_knl_Semaphore_A_pendTaskDisabled__C)
                  0000ef5c    00000004     uartecho_pem4f.oem4f (.const:ti_sysbios_knl_Semaphore_Instance_State_pendQ__O)
                  0000ef60    00000004     uartecho_pem4f.oem4f (.const:ti_sysbios_knl_Semaphore_LM_pend__C)
                  0000ef64    00000004     uartecho_pem4f.oem4f (.const:ti_sysbios_knl_Semaphore_LM_post__C)
                  0000ef68    00000004     uartecho_pem4f.oem4f (.const:ti_sysbios_knl_Semaphore_Module__diagsEnabled__C)
                  0000ef6c    00000004     uartecho_pem4f.oem4f (.const:ti_sysbios_knl_Semaphore_Module__diagsIncluded__C)
                  0000ef70    00000004     uartecho_pem4f.oem4f (.const:ti_sysbios_knl_Semaphore_Module__diagsMask__C)
                  0000ef74    00000004     uartecho_pem4f.oem4f (.const:ti_sysbios_knl_Semaphore_Module__loggerFxn2__C)
                  0000ef78    00000004     uartecho_pem4f.oem4f (.const:ti_sysbios_knl_Semaphore_Module__loggerFxn4__C)
                  0000ef7c    00000004     uartecho_pem4f.oem4f (.const:ti_sysbios_knl_Semaphore_Module__loggerObj__C)
                  0000ef80    00000004     uartecho_pem4f.oem4f (.const:ti_sysbios_knl_Swi_LD_end__C)
                  0000ef84    00000004     uartecho_pem4f.oem4f (.const:ti_sysbios_knl_Swi_LM_begin__C)
                  0000ef88    00000004     uartecho_pem4f.oem4f (.const:ti_sysbios_knl_Swi_LM_post__C)
                  0000ef8c    00000004     uartecho_pem4f.oem4f (.const:ti_sysbios_knl_Swi_Module__diagsEnabled__C)
                  0000ef90    00000004     uartecho_pem4f.oem4f (.const:ti_sysbios_knl_Swi_Module__diagsIncluded__C)
                  0000ef94    00000004     uartecho_pem4f.oem4f (.const:ti_sysbios_knl_Swi_Module__diagsMask__C)
                  0000ef98    00000004     uartecho_pem4f.oem4f (.const:ti_sysbios_knl_Swi_Module__loggerFxn1__C)
                  0000ef9c    00000004     uartecho_pem4f.oem4f (.const:ti_sysbios_knl_Swi_Module__loggerFxn4__C)
                  0000efa0    00000004     uartecho_pem4f.oem4f (.const:ti_sysbios_knl_Swi_Module__loggerObj__C)
                  0000efa4    00000004     uartecho_pem4f.oem4f (.const:ti_sysbios_knl_Swi_Object__count__C)
                  0000efa8    00000004     uartecho_pem4f.oem4f (.const:ti_sysbios_knl_Task_A_badPriority__C)
                  0000efac    00000004     uartecho_pem4f.oem4f (.const:ti_sysbios_knl_Task_A_badTaskState__C)
                  0000efb0    00000004     uartecho_pem4f.oem4f (.const:ti_sysbios_knl_Task_A_badThreadType__C)
                  0000efb4    00000004     uartecho_pem4f.oem4f (.const:ti_sysbios_knl_Task_A_noPendElem__C)
                  0000efb8    00000004     uartecho_pem4f.oem4f (.const:ti_sysbios_knl_Task_E_spOutOfBounds__C)
                  0000efbc    00000004     uartecho_pem4f.oem4f (.const:ti_sysbios_knl_Task_E_stackOverflow__C)
                  0000efc0    00000004     uartecho_pem4f.oem4f (.const:ti_sysbios_knl_Task_LD_block__C)
                  0000efc4    00000004     uartecho_pem4f.oem4f (.const:ti_sysbios_knl_Task_LD_exit__C)
                  0000efc8    00000004     uartecho_pem4f.oem4f (.const:ti_sysbios_knl_Task_LD_ready__C)
                  0000efcc    00000004     uartecho_pem4f.oem4f (.const:ti_sysbios_knl_Task_LM_switch__C)
                  0000efd0    00000004     uartecho_pem4f.oem4f (.const:ti_sysbios_knl_Task_Module_State_inactiveQ__O)
                  0000efd4    00000004     uartecho_pem4f.oem4f (.const:ti_sysbios_knl_Task_Module__diagsEnabled__C)
                  0000efd8    00000004     uartecho_pem4f.oem4f (.const:ti_sysbios_knl_Task_Module__diagsIncluded__C)
                  0000efdc    00000004     uartecho_pem4f.oem4f (.const:ti_sysbios_knl_Task_Module__diagsMask__C)
                  0000efe0    00000004     uartecho_pem4f.oem4f (.const:ti_sysbios_knl_Task_Module__loggerFxn2__C)
                  0000efe4    00000004     uartecho_pem4f.oem4f (.const:ti_sysbios_knl_Task_Module__loggerFxn4__C)
                  0000efe8    00000004     uartecho_pem4f.oem4f (.const:ti_sysbios_knl_Task_Module__loggerObj__C)
                  0000efec    00000004     uartecho_pem4f.oem4f (.const:ti_sysbios_knl_Task_Object__count__C)
                  0000eff0    00000004     uartecho_pem4f.oem4f (.const:ti_sysbios_knl_Task_allBlockedFunc__C)
                  0000eff4    00000004     uartecho_pem4f.oem4f (.const:ti_sysbios_knl_Task_defaultStackHeap__C)
                  0000eff8    00000004     uartecho_pem4f.oem4f (.const:ti_sysbios_knl_Task_defaultStackSize__C)
                  0000effc    00000004     uartecho_pem4f.oem4f (.const:ti_sysbios_knl_Task_numConstructedTasks__C)
                  0000f000    00000004     uartecho_pem4f.oem4f (.const:ti_sysbios_utils_Load_LS_cpuLoad__C)
                  0000f004    00000004     uartecho_pem4f.oem4f (.const:ti_sysbios_utils_Load_Module__diagsEnabled__C)
                  0000f008    00000004     uartecho_pem4f.oem4f (.const:ti_sysbios_utils_Load_Module__diagsIncluded__C)
                  0000f00c    00000004     uartecho_pem4f.oem4f (.const:ti_sysbios_utils_Load_Module__diagsMask__C)
                  0000f010    00000004     uartecho_pem4f.oem4f (.const:ti_sysbios_utils_Load_Module__loggerFxn1__C)
                  0000f014    00000004     uartecho_pem4f.oem4f (.const:ti_sysbios_utils_Load_Module__loggerObj__C)
                  0000f018    00000004     uartecho_pem4f.oem4f (.const:ti_sysbios_utils_Load_postUpdate__C)
                  0000f01c    00000004     uartecho_pem4f.oem4f (.const:ti_sysbios_utils_Load_windowInMs__C)
                  0000f020    00000004     uartecho_pem4f.oem4f (.const:ti_uia_loggers_LoggerStopMode_Module__diagsEnabled__C)
                  0000f024    00000004     uartecho_pem4f.oem4f (.const:ti_uia_loggers_LoggerStopMode_Module__diagsIncluded__C)
                  0000f028    00000004     uartecho_pem4f.oem4f (.const:ti_uia_loggers_LoggerStopMode_Module__diagsMask__C)
                  0000f02c    00000004     uartecho_pem4f.oem4f (.const:ti_uia_loggers_LoggerStopMode_Object__count__C)
                  0000f030    00000004     uartecho_pem4f.oem4f (.const:ti_uia_runtime_ILoggerSnapshot_Interface__BASE__C)
                  0000f034    00000004     uartecho_pem4f.oem4f (.const:ti_uia_runtime_IUIATransfer_Interface__BASE__C)
                  0000f038    00000004     uartecho_pem4f.oem4f (.const:xdc_runtime_Assert_E_assertFailed__C)
                  0000f03c    00000004     uartecho_pem4f.oem4f (.const:xdc_runtime_Core_A_initializedParams__C)
                  0000f040    00000004     uartecho_pem4f.oem4f (.const:xdc_runtime_Core_Module__diagsEnabled__C)
                  0000f044    00000004     uartecho_pem4f.oem4f (.const:xdc_runtime_Core_Module__diagsIncluded__C)
                  0000f048    00000004     uartecho_pem4f.oem4f (.const:xdc_runtime_Core_Module__diagsMask__C)
                  0000f04c    00000004     uartecho_pem4f.oem4f (.const:xdc_runtime_Error_E_memory__C)
                  0000f050    00000004     uartecho_pem4f.oem4f (.const:xdc_runtime_Error_Module__diagsEnabled__C)
                  0000f054    00000004     uartecho_pem4f.oem4f (.const:xdc_runtime_Error_Module__diagsIncluded__C)
                  0000f058    00000004     uartecho_pem4f.oem4f (.const:xdc_runtime_Error_Module__diagsMask__C)
                  0000f05c    00000004     uartecho_pem4f.oem4f (.const:xdc_runtime_Error_Module__loggerFxn8__C)
                  0000f060    00000004     uartecho_pem4f.oem4f (.const:xdc_runtime_Error_Module__loggerObj__C)
                  0000f064    00000004     uartecho_pem4f.oem4f (.const:xdc_runtime_Error_policyFxn__C)
                  0000f068    00000004     uartecho_pem4f.oem4f (.const:xdc_runtime_Error_raiseHook__C)
                  0000f06c    00000004     uartecho_pem4f.oem4f (.const:xdc_runtime_IFilterLogger_Interface__BASE__C)
                  0000f070    00000004     uartecho_pem4f.oem4f (.const:xdc_runtime_IGateProvider_Interface__BASE__C)
                  0000f074    00000004     uartecho_pem4f.oem4f (.const:xdc_runtime_IHeap_Interface__BASE__C)
                  0000f078    00000004     uartecho_pem4f.oem4f (.const:xdc_runtime_ILogger_Interface__BASE__C)
                  0000f07c    00000004     uartecho_pem4f.oem4f (.const:xdc_runtime_IModule_Interface__BASE__C)
                  0000f080    00000004     uartecho_pem4f.oem4f (.const:xdc_runtime_Log_L_error__C)
                  0000f084    00000004     uartecho_pem4f.oem4f (.const:xdc_runtime_Memory_defaultHeapInstance__C)
                  0000f088    00000004     uartecho_pem4f.oem4f (.const:xdc_runtime_Startup_execImpl__C)
                  0000f08c    00000004     uartecho_pem4f.oem4f (.const:xdc_runtime_Startup_lastFxns__A)
                  0000f090    00000004     uartecho_pem4f.oem4f (.const:xdc_runtime_Startup_maxPasses__C)
                  0000f094    00000004     uartecho_pem4f.oem4f (.const:xdc_runtime_Startup_sfxnRts__C)
                  0000f098    00000004     uartecho_pem4f.oem4f (.const:xdc_runtime_Startup_sfxnTab__C)
                  0000f09c    00000004     uartecho_pem4f.oem4f (.const:xdc_runtime_SysMin_bufSize__C)
                  0000f0a0    00000004     uartecho_pem4f.oem4f (.const:xdc_runtime_SysMin_outputFunc__C)
                  0000f0a4    00000004     uartecho_pem4f.oem4f (.const:xdc_runtime_System_Module__gateObj__C)
                  0000f0a8    00000004     uartecho_pem4f.oem4f (.const:xdc_runtime_System_abortFxn__C)
                  0000f0ac    00000004     uartecho_pem4f.oem4f (.const:xdc_runtime_System_exitFxn__C)
                  0000f0b0    00000004     uartecho_pem4f.oem4f (.const:xdc_runtime_System_extendFxn__C)
                  0000f0b4    00000004     uartecho_pem4f.oem4f (.const:xdc_runtime_System_maxAtexitHandlers__C)
                  0000f0b8    00000004     uartecho_pem4f.oem4f (.const:xdc_runtime_Text_charTab__C)
                  0000f0bc    00000004     uartecho_pem4f.oem4f (.const:xdc_runtime_Text_nameEmpty__C)
                  0000f0c0    00000004     uartecho_pem4f.oem4f (.const:xdc_runtime_Text_nameStatic__C)
                  0000f0c4    00000004     uartecho_pem4f.oem4f (.const:xdc_runtime_Text_nameUnknown__C)
                  0000f0c8    00000004     uartecho_pem4f.oem4f (.const:xdc_runtime_Text_nodeTab__C)
                  0000f0cc    00000004     uartecho_pem4f.oem4f (.const:xdc_runtime_Text_visitRopeFxn__C)
                  0000f0d0    00000002     uartecho_pem4f.oem4f (.const:ti_sysbios_family_arm_lm4_TimestampProvider_useClockTimer__C)
                  0000f0d2    00000002     uartecho_pem4f.oem4f (.const:ti_sysbios_family_arm_m3_Hwi_Module__id__C)
                  0000f0d4    00000002     uartecho_pem4f.oem4f (.const:ti_sysbios_family_arm_m3_Hwi_Module__loggerDefined__C)
                  0000f0d6    00000002     uartecho_pem4f.oem4f (.const:ti_sysbios_gates_GateMutex_Module__id__C)
                  0000f0d8    00000002     uartecho_pem4f.oem4f (.const:ti_sysbios_hal_Hwi_Module__id__C)
                  0000f0da    00000002     uartecho_pem4f.oem4f (.const:ti_sysbios_heaps_HeapMem_Module__id__C)
                  0000f0dc    00000002     uartecho_pem4f.oem4f (.const:ti_sysbios_knl_Clock_Module__id__C)
                  0000f0de    00000002     uartecho_pem4f.oem4f (.const:ti_sysbios_knl_Clock_Module__loggerDefined__C)
                  0000f0e0    00000002     uartecho_pem4f.oem4f (.const:ti_sysbios_knl_Semaphore_Module__id__C)
                  0000f0e2    00000002     uartecho_pem4f.oem4f (.const:ti_sysbios_knl_Semaphore_Module__loggerDefined__C)
                  0000f0e4    00000002     uartecho_pem4f.oem4f (.const:ti_sysbios_knl_Swi_Module__id__C)
                  0000f0e6    00000002     uartecho_pem4f.oem4f (.const:ti_sysbios_knl_Swi_Module__loggerDefined__C)
                  0000f0e8    00000002     uartecho_pem4f.oem4f (.const:ti_sysbios_knl_Task_Module__id__C)
                  0000f0ea    00000002     uartecho_pem4f.oem4f (.const:ti_sysbios_knl_Task_Module__loggerDefined__C)
                  0000f0ec    00000002     uartecho_pem4f.oem4f (.const:ti_sysbios_utils_Load_Module__id__C)
                  0000f0ee    00000002     uartecho_pem4f.oem4f (.const:ti_sysbios_utils_Load_Module__loggerDefined__C)
                  0000f0f0    00000002     uartecho_pem4f.oem4f (.const:ti_sysbios_utils_Load_updateInIdle__C)
                  0000f0f2    00000002     uartecho_pem4f.oem4f (.const:ti_uia_loggers_LoggerStopMode_Module__id__C)
                  0000f0f4    00000002     uartecho_pem4f.oem4f (.const:ti_uia_loggers_LoggerStopMode_isTimestampEnabled__C)
                  0000f0f6    00000002     uartecho_pem4f.oem4f (.const:xdc_runtime_Core_Module__id__C)
[...]
0000eeb4  ti_sysbios_family_arm_m3_Hwi_Module__loggerFxn8__C                   
0000eeb8  ti_sysbios_family_arm_m3_Hwi_Module__loggerObj__C                    
0000eebc  ti_sysbios_family_arm_m3_Hwi_NUM_INTERRUPTS__C                       
0000eec0  ti_sysbios_family_arm_m3_Hwi_Object__count__C                        
0000eec4  ti_sysbios_family_arm_m3_Hwi_ccr__C                                  
0000eec8  ti_sysbios_family_arm_m3_Hwi_excHandlerFunc__C                       
0000eecc  ti_sysbios_family_arm_m3_Hwi_excHookFuncs__C                         
0000eed0  ti_sysbios_family_arm_m3_Hwi_nullIsrFunc__C                          
0000eed4  ti_sysbios_family_arm_m3_Hwi_priGroup__C                             
0000eed8  ti_sysbios_family_arm_m3_TaskSupport_stackAlignment__C               
0000eedc  ti_sysbios_gates_GateMutex_A_badContext__C                           
0000eee0  ti_sysbios_gates_GateMutex_Instance_State_sem__O                     
0000eee4  ti_sysbios_gates_GateMutex_Module__diagsEnabled__C                   
0000eee8  ti_sysbios_gates_GateMutex_Module__diagsIncluded__C                  
0000eeec  ti_sysbios_gates_GateMutex_Module__diagsMask__C                      
0000eef0  ti_sysbios_hal_Hwi_E_stackOverflow__C                                
0000eef4  ti_sysbios_heaps_HeapMem_A_align__C                                  
0000eef8  ti_sysbios_heaps_HeapMem_A_heapSize__C                               
0000eefc  ti_sysbios_heaps_HeapMem_A_invalidFree__C                            
0000ef00  ti_sysbios_heaps_HeapMem_A_zeroBlock__C                              
0000ef04  ti_sysbios_heaps_HeapMem_E_memory__C                                 
0000ef08  ti_sysbios_heaps_HeapMem_Module__diagsEnabled__C                     
0000ef0c  ti_sysbios_heaps_HeapMem_Module__diagsIncluded__C                    
0000ef10  ti_sysbios_heaps_HeapMem_Module__diagsMask__C                        
0000ef14  ti_sysbios_heaps_HeapMem_Module__gateObj__C                          
0000ef18  ti_sysbios_heaps_HeapMem_Object__count__C                            
0000ef1c  ti_sysbios_heaps_HeapMem_reqAlign__C                                 
0000ef20  ti_sysbios_knl_Clock_A_badThreadType__C                              
0000ef24  ti_sysbios_knl_Clock_LM_begin__C                                     
0000ef28  ti_sysbios_knl_Clock_LM_tick__C                                      
0000ef2c  ti_sysbios_knl_Clock_LW_delayed__C                                   
0000ef30  ti_sysbios_knl_Clock_Module_State_clockQ__O                          
0000ef34  ti_sysbios_knl_Clock_Module__diagsEnabled__C                         
0000ef38  ti_sysbios_knl_Clock_Module__diagsIncluded__C                        
0000ef3c  ti_sysbios_knl_Clock_Module__diagsMask__C                            
0000ef40  ti_sysbios_knl_Clock_Module__loggerFxn1__C                           
0000ef44  ti_sysbios_knl_Clock_Module__loggerFxn2__C                           
0000ef48  ti_sysbios_knl_Clock_Module__loggerObj__C                            
0000ef4c  ti_sysbios_knl_Semaphore_A_badContext__C                             
0000ef50  ti_sysbios_knl_Semaphore_A_noEvents__C                               
0000ef54  ti_sysbios_knl_Semaphore_A_overflow__C                               
0000ef58  ti_sysbios_knl_Semaphore_A_pendTaskDisabled__C                       
0000ef5c  ti_sysbios_knl_Semaphore_Instance_State_pendQ__O                     
0000ef60  ti_sysbios_knl_Semaphore_LM_pend__C                                  
0000ef64  ti_sysbios_knl_Semaphore_LM_post__C                                  
0000ef68  ti_sysbios_knl_Semaphore_Module__diagsEnabled__C                     
0000ef6c  ti_sysbios_knl_Semaphore_Module__diagsIncluded__C                    
0000ef70  ti_sysbios_knl_Semaphore_Module__diagsMask__C                        
0000ef74  ti_sysbios_knl_Semaphore_Module__loggerFxn2__C                       
0000ef78  ti_sysbios_knl_Semaphore_Module__loggerFxn4__C                       
0000ef7c  ti_sysbios_knl_Semaphore_Module__loggerObj__C                        
0000ef80  ti_sysbios_knl_Swi_LD_end__C                                         
0000ef84  ti_sysbios_knl_Swi_LM_begin__C                                       
0000ef88  ti_sysbios_knl_Swi_LM_post__C                                        
0000ef8c  ti_sysbios_knl_Swi_Module__diagsEnabled__C                           
0000ef90  ti_sysbios_knl_Swi_Module__diagsIncluded__C                          
0000ef94  ti_sysbios_knl_Swi_Module__diagsMask__C                              
0000ef98  ti_sysbios_knl_Swi_Module__loggerFxn1__C                             
0000ef9c  ti_sysbios_knl_Swi_Module__loggerFxn4__C                             
0000efa0  ti_sysbios_knl_Swi_Module__loggerObj__C                              
0000efa4  ti_sysbios_knl_Swi_Object__count__C                                  
0000efa8  ti_sysbios_knl_Task_A_badPriority__C                                 
0000efac  ti_sysbios_knl_Task_A_badTaskState__C                                
0000efb0  ti_sysbios_knl_Task_A_badThreadType__C                               
0000efb4  ti_sysbios_knl_Task_A_noPendElem__C                                  
0000efb8  ti_sysbios_knl_Task_E_spOutOfBounds__C                               
0000efbc  ti_sysbios_knl_Task_E_stackOverflow__C                               
0000efc0  ti_sysbios_knl_Task_LD_block__C                                      
0000efc4  ti_sysbios_knl_Task_LD_exit__C                                       
0000efc8  ti_sysbios_knl_Task_LD_ready__C                                      
0000efcc  ti_sysbios_knl_Task_LM_switch__C                                     
0000efd0  ti_sysbios_knl_Task_Module_State_inactiveQ__O                        
0000efd4  ti_sysbios_knl_Task_Module__diagsEnabled__C                          
0000efd8  ti_sysbios_knl_Task_Module__diagsIncluded__C                         
0000efdc  ti_sysbios_knl_Task_Module__diagsMask__C                             
0000efe0  ti_sysbios_knl_Task_Module__loggerFxn2__C                            
0000efe4  ti_sysbios_knl_Task_Module__loggerFxn4__C                            
0000efe8  ti_sysbios_knl_Task_Module__loggerObj__C                             
0000efec  ti_sysbios_knl_Task_Object__count__C                                 
0000eff0  ti_sysbios_knl_Task_allBlockedFunc__C                                
0000eff4  ti_sysbios_knl_Task_defaultStackHeap__C                              
0000eff8  ti_sysbios_knl_Task_defaultStackSize__C                              
0000effc  ti_sysbios_knl_Task_numConstructedTasks__C                           
0000f000  ti_sysbios_utils_Load_LS_cpuLoad__C                                  
0000f004  ti_sysbios_utils_Load_Module__diagsEnabled__C                        
0000f008  ti_sysbios_utils_Load_Module__diagsIncluded__C                       
0000f00c  ti_sysbios_utils_Load_Module__diagsMask__C                           
0000f010  ti_sysbios_utils_Load_Module__loggerFxn1__C                          
0000f014  ti_sysbios_utils_Load_Module__loggerObj__C                           
0000f018  ti_sysbios_utils_Load_postUpdate__C                                  
0000f01c  ti_sysbios_utils_Load_windowInMs__C                                  
0000f020  ti_uia_loggers_LoggerStopMode_Module__diagsEnabled__C                
0000f024  ti_uia_loggers_LoggerStopMode_Module__diagsIncluded__C               
0000f028  ti_uia_loggers_LoggerStopMode_Module__diagsMask__C                   
0000f02c  ti_uia_loggers_LoggerStopMode_Object__count__C                       
0000f030  ti_uia_runtime_ILoggerSnapshot_Interface__BASE__C                    
0000f034  ti_uia_runtime_IUIATransfer_Interface__BASE__C                       
0000f038  xdc_runtime_Assert_E_assertFailed__C                                 
0000f03c  xdc_runtime_Core_A_initializedParams__C                              
0000f040  xdc_runtime_Core_Module__diagsEnabled__C                             
0000f044  xdc_runtime_Core_Module__diagsIncluded__C                            
0000f048  xdc_runtime_Core_Module__diagsMask__C                                
0000f04c  xdc_runtime_Error_E_memory__C                                        
0000f050  xdc_runtime_Error_Module__diagsEnabled__C                            
0000f054  xdc_runtime_Error_Module__diagsIncluded__C                           
0000f058  xdc_runtime_Error_Module__diagsMask__C                               
0000f05c  xdc_runtime_Error_Module__loggerFxn8__C                              
0000f060  xdc_runtime_Error_Module__loggerObj__C                               
0000f064  xdc_runtime_Error_policyFxn__C                                       
0000f068  xdc_runtime_Error_raiseHook__C                                       
0000f06c  xdc_runtime_IFilterLogger_Interface__BASE__C                         
0000f070  xdc_runtime_IGateProvider_Interface__BASE__C                         
0000f074  xdc_runtime_IHeap_Interface__BASE__C                                 
0000f078  xdc_runtime_ILogger_Interface__BASE__C                               
0000f07c  xdc_runtime_IModule_Interface__BASE__C                               
0000f080  xdc_runtime_Log_L_error__C                                           
0000f084  xdc_runtime_Memory_defaultHeapInstance__C                            
0000f088  xdc_runtime_Startup_execImpl__C                                      
0000f08c  xdc_runtime_Startup_lastFxns__A                                      
0000f090  xdc_runtime_Startup_maxPasses__C                                     
0000f094  xdc_runtime_Startup_sfxnRts__C                                       
0000f098  xdc_runtime_Startup_sfxnTab__C                                       
0000f09c  xdc_runtime_SysMin_bufSize__C                                        
0000f0a0  xdc_runtime_SysMin_outputFunc__C                                     
0000f0a4  xdc_runtime_System_Module__gateObj__C                                
0000f0a8  xdc_runtime_System_abortFxn__C                                       
0000f0ac  xdc_runtime_System_exitFxn__C                                        
0000f0b0  xdc_runtime_System_extendFxn__C                                      
0000f0b4  xdc_runtime_System_maxAtexitHandlers__C                              
0000f0b8  xdc_runtime_Text_charTab__C                                          
0000f0bc  xdc_runtime_Text_nameEmpty__C                                        
0000f0c0  xdc_runtime_Text_nameStatic__C                                       
0000f0c4  xdc_runtime_Text_nameUnknown__C                                      
0000f0c8  xdc_runtime_Text_nodeTab__C                                          
0000f0cc  xdc_runtime_Text_visitRopeFxn__C                                     
0000f0d0  ti_sysbios_family_arm_lm4_TimestampProvider_useClockTimer__C         
0000f0d2  ti_sysbios_family_arm_m3_Hwi_Module__id__C                           
0000f0d4  ti_sysbios_family_arm_m3_Hwi_Module__loggerDefined__C                
0000f0d6  ti_sysbios_gates_GateMutex_Module__id__C                             
0000f0d8  ti_sysbios_hal_Hwi_Module__id__C                                     
0000f0da  ti_sysbios_heaps_HeapMem_Module__id__C                               
0000f0dc  ti_sysbios_knl_Clock_Module__id__C                                   
0000f0de  ti_sysbios_knl_Clock_Module__loggerDefined__C                        
0000f0e0  ti_sysbios_knl_Semaphore_Module__id__C                               
0000f0e2  ti_sysbios_knl_Semaphore_Module__loggerDefined__C                    
0000f0e4  ti_sysbios_knl_Swi_Module__id__C                                     
0000f0e6  ti_sysbios_knl_Swi_Module__loggerDefined__C                          
0000f0e8  ti_sysbios_knl_Task_Module__id__C                                    
0000f0ea  ti_sysbios_knl_Task_Module__loggerDefined__C                         
0000f0ec  ti_sysbios_utils_Load_Module__id__C                                  
0000f0ee  ti_sysbios_utils_Load_Module__loggerDefined__C                       
0000f0f0  ti_sysbios_utils_Load_updateInIdle__C                                
0000f0f2  ti_uia_loggers_LoggerStopMode_Module__id__C                          
0000f0f4  ti_uia_loggers_LoggerStopMode_isTimestampEnabled__C                  
0000f0f6  xdc_runtime_Core_Module__id__C                                       
0000f0f8  xdc_runtime_Error_Module__loggerDefined__C                           
0000f0fa  xdc_runtime_Error_maxDepth__C                                        
0000f0fc  xdc_runtime_Memory_Module__id__C                                     
0000f0fe  xdc_runtime_SysMin_flushAtExit__C                                    
0000f100  xdc_runtime_Text_charCnt__C                                          
0000f102  xdc_runtime_Text_isLoaded__C                                         
0000f104  xdc_runtime_Text_registryModsLastId__C                               
0000f106  xdc_runtime_Text_unnamedModsLastId__C                                
0000f108  __TI_static_base__                                                   
0000f36c  __TI_Handler_Table_Base                                              
0000f378  __TI_Handler_Table_Limit                                             
0000f388  __TI_CINIT_Base                                                      
0000f3a0  __TI_CINIT_Limit                                                     
20000000  ti_sysbios_family_arm_m3_Hwi_ramVectors                              
20000380  task0Stack                                                           
20001780  ti_sysbios_heaps_HeapMem_Instance_State_0_buf__A                     
20001b80  ti_uia_loggers_LoggerStopMode_Instance_State_2_packetArray__A        
20001f80  ti_sysbios_family_arm_m3_Hwi_dispatchTable                           
200022e0  ti_sysbios_knl_Task_Instance_State_0_stack__A                        
200024e0  uartTivaRingBuffer                                                   
20002500  ti_uia_loggers_LoggerStopMode_Instance_State_1_packetArray__A        
20002700  __CIOBUF_                                                            
20002820  task0Struct                                                          
20002870  parmbuf                                                              
2000287c  sem                                                                  
20002880  ti_uia_loggers_LoggerStopMode_Instance_State_0_packetArray__A        
20002980  uartTivaObjects                                                      
20002adc  xdc_runtime_SysMin_Module_State_0_outbuf__A                          
20002b5c  uart                                                                 
20002b80  ti_uia_loggers_LoggerStopMode_Instance_State_0_hdr__A                
20002c00  ti_uia_loggers_LoggerStopMode_Instance_State_1_hdr__A                
20002c80  ti_uia_loggers_LoggerStopMode_Instance_State_2_hdr__A                
20002cb0  ti_uia_loggers_LoggerStopMode_Object__table__V                       
20002d4c  ti_sysbios_utils_Load_Module__state__V                               
20002de4  ti_sysbios_family_arm_lm4_Timer_Object__table__V                     
20002e64  ti_sysbios_knl_Swi_Module_State_0_readyQ__A                          
20002ee4  ti_sysbios_knl_Task_Module_State_0_readyQ__A                         
20002f64  ti_sysbios_knl_Task_Object__table__V                                 
20002fb0  ti_sysbios_knl_Task_Module__state__V                                 
20002ff4  ti_sysbios_family_arm_lm4_Timer_Module_State_0_device__A             
20003034  ti_sysbios_gates_GateMutex_Object__table__V                          
2000306c  ti_sysbios_family_arm_m3_Hwi_Module__state__V                        
200030a0  ti_sysbios_family_arm_m3_Hwi_Object__table__V                        
200030d0  ti_sysbios_knl_Swi_Object__table__V                                  
20003100  ti_sysbios_knl_Clock_Module__state__V                                
2000312c  ti_sysbios_BIOS_Module__state__V                                     
20003150  ti_sysbios_family_arm_lm4_Timer_Module_State_0_handles__A            
20003170  ti_sysbios_knl_Swi_Module__state__V                                  
2000318c  ti_sysbios_heaps_HeapMem_Object__table__V                            
200031a4  gpioPinConfigs                                                       
200031b8  ti_sysbios_family_arm_lm4_Timer_Module__state__V                     
200031c4  ti_sysbios_knl_Task_Module__root__V                                  
200031d0  ti_uia_runtime_QueueDescriptor_Module__state__V                      
200031dc  xdc_runtime_SysMin_Module__state__V                                  
200031e8  _lock                                                                
200031ec  _unlock                                                              
200031f0  gpioCallbackFunctions                                                
20003200  ti_uia_runtime_QueueDescriptor_gPtrToFirstDescriptor                 
20003204  ti_uia_runtime_QueueDescriptor_gUpdateCount                          
20003208  ti_sysbios_family_arm_lm4_TimestampProvider_Module__state__V         
20003210  ti_sysbios_family_arm_m3_Hwi_Module__root__V                         
20003218  ti_sysbios_gates_GateHwi_Module__root__V                             
20003220  ti_sysbios_gates_GateMutex_Module__root__V                           
20003228  ti_sysbios_heaps_HeapMem_Module__root__V                             
20003230  ti_sysbios_knl_Clock_Module__root__V                                 
20003238  ti_sysbios_knl_Queue_Module__root__V                                 
20003240  ti_sysbios_knl_Semaphore_Module__root__V                             
20003248  ti_uia_loggers_LoggerStopMode_Module__root__V                        
20003250  xdc_runtime_Registry_Module__state__V                                
20003258  xdc_runtime_Startup_Module__state__V                                 
20003260  xdc_runtime_System_Module_State_0_atexitHandlers__A                  
20003268  xdc_runtime_System_Module__state__V                                  
20003276  ti_sysbios_family_arm_m3_Hwi_Module_State_0_excActive__A             
2000327c  errno                                                                
20003280  main_func_sp                                                         
20003284  ti_sysbios_family_arm_m3_Hwi_Module_State_0_excContext__A            
20003288  ti_sysbios_family_arm_m3_Hwi_Module_State_0_excStack__A              
2000328c  ti_sysbios_gates_GateHwi_Object__table__V                            
20003290  ti_sysbios_knl_Task_Module_State_0_idleTask__A                       
20003294  ti_sysbios_utils_Load_Module_State_0_runningTask__A                  
20003298  ti_sysbios_utils_Load_Module_State_0_taskStartTime__A                
2000329c  xdc_runtime_Memory_Module__state__V                                  
200032a0  xdc_runtime_Error_Module__state__V                                   
200032a8  __stack                                                              
200035a8  __STACK_END                                                          
e000e000  ti_sysbios_family_arm_m3_Hwi_nvic                                    
ffffffff  __TI_pprof_out_hndl                                                  
ffffffff  __TI_prof_data_size                                                  
ffffffff  __TI_prof_data_start                                                 
ffffffff  __binit__                                                            
ffffffff  __c_args__                                                           
ffffffff  binit                                                                
UNDEFED   SHT$$INIT_ARRAY$$Base                                                
UNDEFED   SHT$$INIT_ARRAY$$Limit                                               

[795 symbols]
